Archive member included to satisfy reference by file (symbol)

C:/ST/STM32CubeIDE_1.19.0/STM32CubeIDE/plugins/com.st.stm32cube.ide.mcu.externaltools.gnu-tools-for-stm32.13.3.rel1.win32_1.0.0.202411081344/tools/bin/../lib/gcc/arm-none-eabi/13.3.1/../../../../arm-none-eabi/lib/thumb/v7e-m+fp/hard\libc_nano.a(libc_a-exit.o)
                              C:/ST/STM32CubeIDE_1.19.0/STM32CubeIDE/plugins/com.st.stm32cube.ide.mcu.externaltools.gnu-tools-for-stm32.13.3.rel1.win32_1.0.0.202411081344/tools/bin/../lib/gcc/arm-none-eabi/13.3.1/../../../../arm-none-eabi/lib/thumb/v7e-m+fp/hard/crt0.o (exit)
C:/ST/STM32CubeIDE_1.19.0/STM32CubeIDE/plugins/com.st.stm32cube.ide.mcu.externaltools.gnu-tools-for-stm32.13.3.rel1.win32_1.0.0.202411081344/tools/bin/../lib/gcc/arm-none-eabi/13.3.1/../../../../arm-none-eabi/lib/thumb/v7e-m+fp/hard\libc_nano.a(libc_a-strtol.o)
                              ./Core/Src/main.o (strtol)
C:/ST/STM32CubeIDE_1.19.0/STM32CubeIDE/plugins/com.st.stm32cube.ide.mcu.externaltools.gnu-tools-for-stm32.13.3.rel1.win32_1.0.0.202411081344/tools/bin/../lib/gcc/arm-none-eabi/13.3.1/../../../../arm-none-eabi/lib/thumb/v7e-m+fp/hard\libc_nano.a(libc_a-ctype_.o)
                              C:/ST/STM32CubeIDE_1.19.0/STM32CubeIDE/plugins/com.st.stm32cube.ide.mcu.externaltools.gnu-tools-for-stm32.13.3.rel1.win32_1.0.0.202411081344/tools/bin/../lib/gcc/arm-none-eabi/13.3.1/../../../../arm-none-eabi/lib/thumb/v7e-m+fp/hard\libc_nano.a(libc_a-strtol.o) (_ctype_)
C:/ST/STM32CubeIDE_1.19.0/STM32CubeIDE/plugins/com.st.stm32cube.ide.mcu.externaltools.gnu-tools-for-stm32.13.3.rel1.win32_1.0.0.202411081344/tools/bin/../lib/gcc/arm-none-eabi/13.3.1/../../../../arm-none-eabi/lib/thumb/v7e-m+fp/hard\libc_nano.a(libc_a-findfp.o)
                              C:/ST/STM32CubeIDE_1.19.0/STM32CubeIDE/plugins/com.st.stm32cube.ide.mcu.externaltools.gnu-tools-for-stm32.13.3.rel1.win32_1.0.0.202411081344/tools/bin/../lib/gcc/arm-none-eabi/13.3.1/../../../../arm-none-eabi/lib/thumb/v7e-m+fp/hard\libc_nano.a(libc_a-exit.o) (__stdio_exit_handler)
C:/ST/STM32CubeIDE_1.19.0/STM32CubeIDE/plugins/com.st.stm32cube.ide.mcu.externaltools.gnu-tools-for-stm32.13.3.rel1.win32_1.0.0.202411081344/tools/bin/../lib/gcc/arm-none-eabi/13.3.1/../../../../arm-none-eabi/lib/thumb/v7e-m+fp/hard\libc_nano.a(libc_a-fwalk.o)
                              C:/ST/STM32CubeIDE_1.19.0/STM32CubeIDE/plugins/com.st.stm32cube.ide.mcu.externaltools.gnu-tools-for-stm32.13.3.rel1.win32_1.0.0.202411081344/tools/bin/../lib/gcc/arm-none-eabi/13.3.1/../../../../arm-none-eabi/lib/thumb/v7e-m+fp/hard\libc_nano.a(libc_a-findfp.o) (_fwalk_sglue)
C:/ST/STM32CubeIDE_1.19.0/STM32CubeIDE/plugins/com.st.stm32cube.ide.mcu.externaltools.gnu-tools-for-stm32.13.3.rel1.win32_1.0.0.202411081344/tools/bin/../lib/gcc/arm-none-eabi/13.3.1/../../../../arm-none-eabi/lib/thumb/v7e-m+fp/hard\libc_nano.a(libc_a-snprintf.o)
                              ./Core/Src/main.o (snprintf)
C:/ST/STM32CubeIDE_1.19.0/STM32CubeIDE/plugins/com.st.stm32cube.ide.mcu.externaltools.gnu-tools-for-stm32.13.3.rel1.win32_1.0.0.202411081344/tools/bin/../lib/gcc/arm-none-eabi/13.3.1/../../../../arm-none-eabi/lib/thumb/v7e-m+fp/hard\libc_nano.a(libc_a-sprintf.o)
                              ./Core/Src/main.o (sprintf)
C:/ST/STM32CubeIDE_1.19.0/STM32CubeIDE/plugins/com.st.stm32cube.ide.mcu.externaltools.gnu-tools-for-stm32.13.3.rel1.win32_1.0.0.202411081344/tools/bin/../lib/gcc/arm-none-eabi/13.3.1/../../../../arm-none-eabi/lib/thumb/v7e-m+fp/hard\libc_nano.a(libc_a-stdio.o)
                              C:/ST/STM32CubeIDE_1.19.0/STM32CubeIDE/plugins/com.st.stm32cube.ide.mcu.externaltools.gnu-tools-for-stm32.13.3.rel1.win32_1.0.0.202411081344/tools/bin/../lib/gcc/arm-none-eabi/13.3.1/../../../../arm-none-eabi/lib/thumb/v7e-m+fp/hard\libc_nano.a(libc_a-findfp.o) (__sread)
C:/ST/STM32CubeIDE_1.19.0/STM32CubeIDE/plugins/com.st.stm32cube.ide.mcu.externaltools.gnu-tools-for-stm32.13.3.rel1.win32_1.0.0.202411081344/tools/bin/../lib/gcc/arm-none-eabi/13.3.1/../../../../arm-none-eabi/lib/thumb/v7e-m+fp/hard\libc_nano.a(libc_a-memset.o)
                              C:/ST/STM32CubeIDE_1.19.0/STM32CubeIDE/plugins/com.st.stm32cube.ide.mcu.externaltools.gnu-tools-for-stm32.13.3.rel1.win32_1.0.0.202411081344/tools/bin/../lib/gcc/arm-none-eabi/13.3.1/../../../../arm-none-eabi/lib/thumb/v7e-m+fp/hard/crt0.o (memset)
C:/ST/STM32CubeIDE_1.19.0/STM32CubeIDE/plugins/com.st.stm32cube.ide.mcu.externaltools.gnu-tools-for-stm32.13.3.rel1.win32_1.0.0.202411081344/tools/bin/../lib/gcc/arm-none-eabi/13.3.1/../../../../arm-none-eabi/lib/thumb/v7e-m+fp/hard\libc_nano.a(libc_a-strncpy.o)
                              ./Core/Src/main.o (strncpy)
C:/ST/STM32CubeIDE_1.19.0/STM32CubeIDE/plugins/com.st.stm32cube.ide.mcu.externaltools.gnu-tools-for-stm32.13.3.rel1.win32_1.0.0.202411081344/tools/bin/../lib/gcc/arm-none-eabi/13.3.1/../../../../arm-none-eabi/lib/thumb/v7e-m+fp/hard\libc_nano.a(libc_a-closer.o)
[...]
Memory Configuration

Name             Origin             Length             Attributes
RAM              0x20000000         0x000a0000         xrw
RAM2             0x10000000         0x00010000         xrw
RAM3             0x20040000         0x00060000         xrw
FLASH            0x08000000         0x00200000         xr
*default*        0x00000000         0xffffffff

Linker script and memory map

LOAD C:/ST/STM32CubeIDE_1.19.0/STM32CubeIDE/plugins/com.st.stm32cube.ide.mcu.externaltools.gnu-tools-for-stm32.13.3.rel1.win32_1.0.0.202411081344/tools/bin/../lib/gcc/arm-none-eabi/13.3.1/thumb/v7e-m+fp/hard/crti.o
LOAD C:/ST/STM32CubeIDE_1.19.0/STM32CubeIDE/plugins/com.st.stm32cube.ide.mcu.externaltools.gnu-tools-for-stm32.13.3.rel1.win32_1.0.0.202411081344/tools/bin/../lib/gcc/arm-none-eabi/13.3.1/thumb/v7e-m+fp/hard/crtbegin.o
LOAD C:/ST/STM32CubeIDE_1.19.0/STM32CubeIDE/plugins/com.st.stm32cube.ide.mcu.externaltools.gnu-tools-for-stm32.13.3.rel1.win32_1.0.0.202411081344/tools/bin/../lib/gcc/arm-none-eabi/13.3.1/../../../../arm-none-eabi/lib/thumb/v7e-m+fp/hard/crt0.o
LOAD ./Core/Components/cs42l51/cs42l51.o
LOAD ./Core/Components/cs43l22/cs43l22.o
LOAD ./Core/Components/cy8c4014lqi/cy8c4014lqi.o
LOAD ./Core/Components/ft3x67/ft3x67.o
LOAD ./Core/Components/ft5336/ft5336.o
LOAD ./Core/Components/ft6x06/ft6x06.o
LOAD ./Core/Components/hts221/hts221.o
LOAD ./Core/Components/hx8347g/hx8347g.o
LOAD ./Core/Components/hx8347i/hx8347i.o
LOAD ./Core/Components/l3gd20/l3gd20.o
LOAD ./Core/Components/lis3mdl/lis3mdl.o
LOAD ./Core/Components/lps22hb/lps22hb.o
LOAD ./Core/Components/ls016b8uy/ls016b8uy.o
LOAD ./Core/Components/lsm303c/lsm303c.o
LOAD ./Core/Components/lsm303dlhc/lsm303dlhc.o
LOAD ./Core/Components/lsm6dsl/lsm6dsl.o
LOAD ./Core/Components/m24sr/m24sr.o
LOAD ./Core/Components/mfxstm32l152/mfxstm32l152.o
LOAD ./Core/Components/ov9655/ov9655.o
LOAD ./Core/Components/st25dv/st25dv.o
LOAD ./Core/Components/st25dv/st25dv_reg.o
LOAD ./Core/Components/st7735/st7735.o
LOAD ./Core/Components/st7789h2/st7789h2.o
LOAD ./Core/Components/stmpe1600/stmpe1600.o
LOAD ./Core/Components/stmpe811/stmpe811.o
LOAD ./Core/Components/wm8994/wm8994.o
LOAD ./Core/Src/audio_player.o
LOAD ./Core/Src/gpio.o
LOAD ./Core/Src/main.o
LOAD ./Core/Src/stm32l4s5i_iot01.o
LOAD ./Core/Src/stm32l4s5i_iot01_accelero.o
LOAD ./Core/Src/stm32l4s5i_iot01_gyro.o
LOAD ./Core/Src/stm32l4s5i_iot01_hsensor.o
LOAD ./Core/Src/stm32l4s5i_iot01_magneto.o
LOAD ./Core/Src/stm32l4s5i_iot01_psensor.o
LOAD ./Core/Src/stm32l4s5i_iot01_qspi.o
LOAD ./Core/Src/stm32l4s5i_iot01_tsensor.o
LOAD ./Core/Src/stm32l4xx_hal_msp.o
LOAD ./Core/Src/stm32l4xx_hal_spi.o
LOAD ./Core/Src/stm32l4xx_hal_spi_ex.o
LOAD ./Core/Src/stm32l4xx_it.o
LOAD ./Core/Src/syscalls.o
LOAD ./Core/Src/sysmem.o
LOAD ./Core/Src/system_stm32l4xx.o
LOAD ./Core/Startup/startup_stm32l4s5vitx.o
LOAD ./Drivers/STM32L4xx_HAL_Driver/stm32l4xx_hal.o
LOAD ./Drivers/STM32L4xx_HAL_Driver/stm32l4xx_hal_cortex.o
LOAD ./Drivers/STM32L4xx_HAL_Driver/stm32l4xx_hal_dac.o
LOAD ./Drivers/STM32L4xx_HAL_Driver/stm32l4xx_hal_dac_ex.o
LOAD ./Drivers/STM32L4xx_HAL_Driver/stm32l4xx_hal_dma.o
LOAD ./Drivers/STM32L4xx_HAL_Driver/stm32l4xx_hal_dma_ex.o
LOAD ./Drivers/STM32L4xx_HAL_Driver/stm32l4xx_hal_exti.o
LOAD ./Drivers/STM32L4xx_HAL_Driver/stm32l4xx_hal_flash.o
LOAD ./Drivers/STM32L4xx_HAL_Driver/stm32l4xx_hal_flash_ex.o
LOAD ./Drivers/STM32L4xx_HAL_Driver/stm32l4xx_hal_flash_ramfunc.o
LOAD ./Drivers/STM32L4xx_HAL_Driver/stm32l4xx_hal_gpio.o
LOAD ./Drivers/STM32L4xx_HAL_Driver/stm32l4xx_hal_i2c.o
LOAD ./Drivers/STM32L4xx_HAL_Driver/stm32l4xx_hal_i2c_ex.o
LOAD ./Drivers/STM32L4xx_HAL_Driver/stm32l4xx_hal_lptim.o
LOAD ./Drivers/STM32L4xx_HAL_Driver/stm32l4xx_hal_ospi.o
LOAD ./Drivers/STM32L4xx_HAL_Driver/stm32l4xx_hal_pwr.o
LOAD ./Drivers/STM32L4xx_HAL_Driver/stm32l4xx_hal_pwr_ex.o
LOAD ./Drivers/STM32L4xx_HAL_Driver/stm32l4xx_hal_rcc.o
LOAD ./Drivers/STM32L4xx_HAL_Driver/stm32l4xx_hal_rcc_ex.o
LOAD ./Drivers/STM32L4xx_HAL_Driver/stm32l4xx_hal_rtc.o
LOAD ./Drivers/STM32L4xx_HAL_Driver/stm32l4xx_hal_rtc_ex.o
LOAD ./Drivers/STM32L4xx_HAL_Driver/stm32l4xx_hal_tim.o
LOAD ./Drivers/STM32L4xx_HAL_Driver/stm32l4xx_hal_tim_ex.o
LOAD ./Drivers/STM32L4xx_HAL_Driver/stm32l4xx_hal_uart.o
LOAD ./Drivers/STM32L4xx_HAL_Driver/stm32l4xx_hal_uart_ex.o
START GROUP
LOAD C:/ST/STM32CubeIDE_1.19.0/STM32CubeIDE/plugins/com.st.stm32cube.ide.mcu.externaltools.gnu-tools-for-stm32.13.3.rel1.win32_1.0.0.202411081344/tools/bin/../lib/gcc/arm-none-eabi/13.3.1/../../../../arm-none-eabi/lib/thumb/v7e-m+fp/hard\libc_nano.a
LOAD C:/ST/STM32CubeIDE_1.19.0/STM32CubeIDE/plugins/com.st.stm32cube.ide.mcu.externaltools.gnu-tools-for-stm32.13.3.rel1.win32_1.0.0.202411081344/tools/bin/../lib/gcc/arm-none-eabi/13.3.1/../../../../arm-none-eabi/lib/thumb/v7e-m+fp/hard\libm.a
END GROUP
START GROUP
LOAD C:/ST/STM32CubeIDE_1.19.0/STM32CubeIDE/plugins/com.st.stm32cube.ide.mcu.externaltools.gnu-tools-for-stm32.13.3.rel1.win32_1.0.0.202411081344/tools/bin/../lib/gcc/arm-none-eabi/13.3.1/thumb/v7e-m+fp/hard\libgcc.a
LOAD C:/ST/STM32CubeIDE_1.19.0/STM32CubeIDE/plugins/com.st.stm32cube.ide.mcu.externaltools.gnu-tools-for-stm32.13.3.rel1.win32_1.0.0.202411081344/tools/bin/../lib/gcc/arm-none-eabi/13.3.1/../../../../arm-none-eabi/lib/thumb/v7e-m+fp/hard\libc_nano.a
END GROUP
START GROUP
LOAD C:/ST/STM32CubeIDE_1.19.0/STM32CubeIDE/plugins/com.st.stm32cube.ide.mcu.externaltools.gnu-tools-for-stm32.13.3.rel1.win32_1.0.0.202411081344/tools/bin/../lib/gcc/arm-none-eabi/13.3.1/thumb/v7e-m+fp/hard\libgcc.a
LOAD C:/ST/STM32CubeIDE_1.19.0/STM32CubeIDE/plugins/com.st.stm32cube.ide.mcu.externaltools.gnu-tools-for-stm32.13.3.rel1.win32_1.0.0.202411081344/tools/bin/../lib/gcc/arm-none-eabi/13.3.1/../../../../arm-none-eabi/lib/thumb/v7e-m+fp/hard\libc_nano.a
LOAD C:/ST/STM32CubeIDE_1.19.0/STM32CubeIDE/plugins/com.st.stm32cube.ide.mcu.externaltools.gnu-tools-for-stm32.13.3.rel1.win32_1.0.0.202411081344/tools/bin/../lib/gcc/arm-none-eabi/13.3.1/../../../../arm-none-eabi/lib/thumb/v7e-m+fp/hard\libnosys.a
END GROUP
START GROUP
LOAD C:/ST/STM32CubeIDE_1.19.0/STM32CubeIDE/plugins/com.st.stm32cube.ide.mcu.externaltools.gnu-tools-for-stm32.13.3.rel1.win32_1.0.0.202411081344/tools/bin/../lib/gcc/arm-none-eabi/13.3.1/thumb/v7e-m+fp/hard\libgcc.a
LOAD C:/ST/STM32CubeIDE_1.19.0/STM32CubeIDE/plugins/com.st.stm32cube.ide.mcu.externaltools.gnu-tools-for-stm32.13.3.rel1.win32_1.0.0.202411081344/tools/bin/../lib/gcc/arm-none-eabi/13.3.1/../../../../arm-none-eabi/lib/thumb/v7e-m+fp/hard\libc_nano.a
LOAD C:/ST/STM32CubeIDE_1.19.0/STM32CubeIDE/plugins/com.st.stm32cube.ide.mcu.externaltools.gnu-tools-for-stm32.13.3.rel1.win32_1.0.0.202411081344/tools/bin/../lib/gcc/arm-none-eabi/13.3.1/../../../../arm-none-eabi/lib/thumb/v7e-m+fp/hard\libnosys.a
END GROUP
LOAD C:/ST/STM32CubeIDE_1.19.0/STM32CubeIDE/plugins/com.st.stm32cube.ide.mcu.externaltools.gnu-tools-for-stm32.13.3.rel1.win32_1.0.0.202411081344/tools/bin/../lib/gcc/arm-none-eabi/13.3.1/thumb/v7e-m+fp/hard/crtend.o
LOAD C:/ST/STM32CubeIDE_1.19.0/STM32CubeIDE/plugins/com.st.stm32cube.ide.mcu.externaltools.gnu-tools-for-stm32.13.3.rel1.win32_1.0.0.202411081344/tools/bin/../lib/gcc/arm-none-eabi/13.3.1/thumb/v7e-m+fp/hard/crtn.o
                0x200a0000                        _estack = (ORIGIN (RAM) + LENGTH (RAM))
                0x00000200                        _Min_Heap_Size = 0x200
                0x00000400                        _Min_Stack_Size = 0x400

.isr_vector     0x08000000      0x1bc
                0x08000000                        . = ALIGN (0x4)
 *(.isr_vector)
 .isr_vector    0x08000000      0x1bc ./Core/Startup/startup_stm32l4s5vitx.o
                0x08000000                g_pfnVectors
                0x080001bc                        . = ALIGN (0x4)

.text           0x080001c0     0xaa88
                0x080001c0                        . = ALIGN (0x4)
 *(.text)
 .text          0x080001c0       0x40 C:/ST/STM32CubeIDE_1.19.0/STM32CubeIDE/plugins/com.st.stm32cube.ide.mcu.externaltools.gnu-tools-for-stm32.13.3.rel1.win32_1.0.0.202411081344/tools/bin/../lib/gcc/arm-none-eabi/13.3.1/thumb/v7e-m+fp/hard/crtbegin.o
 .text          0x08000200       0x10 C:/ST/STM32CubeIDE_1.19.0/STM32CubeIDE/plugins/com.st.stm32cube.ide.mcu.externaltools.gnu-tools-for-stm32.13.3.rel1.win32_1.0.0.202411081344/tools/bin/../lib/gcc/arm-none-eabi/13.3.1/../../../../arm-none-eabi/lib/thumb/v7e-m+fp/hard\libc_nano.a(libc_a-strlen.o)
                0x08000200                strlen
 .text          0x08000210       0xa0 C:/ST/STM32CubeIDE_1.19.0/STM32CubeIDE/plugins/com.st.stm32cube.ide.mcu.externaltools.gnu-tools-for-stm32.13.3.rel1.win32_1.0.0.202411081344/tools/bin/../lib/gcc/arm-none-eabi/13.3.1/../../../../arm-none-eabi/lib/thumb/v7e-m+fp/hard\libc_nano.a(libc_a-memchr.o)
                0x08000210                memchr
 .text          0x080002b0       0x30 C:/ST/STM32CubeIDE_1.19.0/STM32CubeIDE/plugins/com.st.stm32cube.ide.mcu.externaltools.gnu-tools-for-stm32.13.3.rel1.win32_1.0.0.202411081344/tools/bin/../lib/gcc/arm-none-eabi/13.3.1/thumb/v7e-m+fp/hard\libgcc.a(_aeabi_uldivmod.o)
                0x080002b0                __aeabi_uldivmod
 .text          0x080002e0      0x2f8 C:/ST/STM32CubeIDE_1.19.0/STM32CubeIDE/plugins/com.st.stm32cube.ide.mcu.externaltools.gnu-tools-for-stm32.13.3.rel1.win32_1.0.0.202411081344/tools/bin/../lib/gcc/arm-none-eabi/13.3.1/thumb/v7e-m+fp/hard\libgcc.a(_udivmoddi4.o)
                0x080002e0                __udivmoddi4
 .text          0x080005d8        0x4 C:/ST/STM32CubeIDE_1.19.0/STM32CubeIDE/plugins/com.st.stm32cube.ide.mcu.externaltools.gnu-tools-for-stm32.13.3.rel1.win32_1.0.0.202411081344/tools/bin/../lib/gcc/arm-none-eabi/13.3.1/thumb/v7e-m+fp/hard\libgcc.a(_dvmd_tls.o)
                0x080005d8                __aeabi_idiv0
                0x080005d8                __aeabi_ldiv0
 *(.text*)
 .text.HTS221_H_Init
                0x080005dc       0x58 ./Core/Components/hts221/hts221.o
                0x080005dc                HTS221_H_Init
 .text.HTS221_H_ReadID
                0x08000634       0x2c ./Core/Components/hts221/hts221.o
                0x08000634                HTS221_H_ReadID
 .text.HTS221_H_ReadHumidity
                0x08000660      0x13c ./Core/Components/hts221/hts221.o
                0x08000660                HTS221_H_ReadHumidity
 .text.HTS221_T_Init
                0x0800079c       0x5a ./Core/Components/hts221/hts221.o
                0x0800079c                HTS221_T_Init
 .text.HTS221_T_ReadTemp
                0x080007f6      0x118 ./Core/Components/hts221/hts221.o
                0x080007f6                HTS221_T_ReadTemp
 *fill*         0x0800090e        0x2 
 .text.Audio_Init
                0x08000910       0x18 ./Core/Src/audio_player.o
                0x08000910                Audio_Init
 .text.Audio_Store
                0x08000928       0x80 ./Core/Src/audio_player.o
                0x08000928                Audio_Store
 .text.Audio_Play
                0x080009a8       0x48 ./Core/Src/audio_player.o
                0x080009a8                Audio_Play
 .text.Audio_Stop
                0x080009f0       0x30 ./Core/Src/audio_player.o
                0x080009f0                Audio_Stop
 .text.Audio_TimerCallback
                0x08000a20       0xec ./Core/Src/audio_player.o
                0x08000a20                Audio_TimerCallback
 .text.HAL_GPIO_EXTI_Callback
                0x08000b0c       0x50 ./Core/Src/main.o
                0x08000b0c                HAL_GPIO_EXTI_Callback
 .text.HAL_TIM_PeriodElapsedCallback
                0x08000b5c       0xa4 ./Core/Src/main.o
                0x08000b5c                HAL_TIM_PeriodElapsedCallback
 .text.HAL_RTC_AlarmAEventCallback
                0x08000c00       0x28 ./Core/Src/main.o
                0x08000c00                HAL_RTC_AlarmAEventCallback
 .text.parseTime
                0x08000c28       0x8c ./Core/Src/main.o
                0x08000c28                parseTime
 .text.main     0x08000cb4      0x574 ./Core/Src/main.o
                0x08000cb4                main
 .text.SystemClock_Config
                0x08001228       0xa6 ./Core/Src/main.o
                0x08001228                SystemClock_Config
 *fill*         0x080012ce        0x2 
 .text.MX_DAC1_Init
                0x080012d0       0x68 ./Core/Src/main.o
 .text.MX_I2C1_Init
                0x08001338       0x80 ./Core/Src/main.o
 .text.MX_LPTIM1_Init
                0x080013b8       0x68 ./Core/Src/main.o
 .text.MX_OCTOSPI1_Init
                0x08001420       0x70 ./Core/Src/main.o
 .text.MX_RTC_Init
                0x08001490      0x134 ./Core/Src/main.o
 .text.MX_TIM6_Init
                0x080015c4       0x6c ./Core/Src/main.o
 .text.MX_TIM7_Init
                0x08001630       0x70 ./Core/Src/main.o
 .text.MX_TIM16_Init
                0x080016a0       0x4c ./Core/Src/main.o
 .text.MX_USART1_UART_Init
                0x080016ec       0x98 ./Core/Src/main.o
 .text.MX_GPIO_Init
                0x08001784       0xf8 ./Core/Src/main.o
 .text.HAL_UART_RxCpltCallback
                0x0800187c       0x84 ./Core/Src/main.o
                0x0800187c                HAL_UART_RxCpltCallback
 .text.Error_Handler
                0x08001900        0xc ./Core/Src/main.o
                0x08001900                Error_Handler
 .text.I2Cx_MspInit
                0x0800190c       0xb0 ./Core/Src/stm32l4s5i_iot01.o
 .text.I2Cx_Init
                0x080019bc       0x5c ./Core/Src/stm32l4s5i_iot01.o
 .text.I2Cx_ReadMultiple
                0x08001a18       0x5a ./Core/Src/stm32l4s5i_iot01.o
 .text.I2Cx_WriteMultiple
                0x08001a72       0x5a ./Core/Src/stm32l4s5i_iot01.o
 .text.I2Cx_Error
                0x08001acc       0x20 ./Core/Src/stm32l4s5i_iot01.o
 .text.SENSOR_IO_Init
                0x08001aec       0x14 ./Core/Src/stm32l4s5i_iot01.o
                0x08001aec                SENSOR_IO_Init
 .text.SENSOR_IO_Write
                0x08001b00       0x34 ./Core/Src/stm32l4s5i_iot01.o
                0x08001b00                SENSOR_IO_Write
 .text.SENSOR_IO_Read
                0x08001b34       0x3c ./Core/Src/stm32l4s5i_iot01.o
                0x08001b34                SENSOR_IO_Read
 .text.SENSOR_IO_ReadMultiple
                0x08001b70       0x3c ./Core/Src/stm32l4s5i_iot01.o
                0x08001b70                SENSOR_IO_ReadMultiple
 .text.BSP_HSENSOR_Init
                0x08001bac       0x40 ./Core/Src/stm32l4s5i_iot01_hsensor.o
                0x08001bac                BSP_HSENSOR_Init
 .text.BSP_HSENSOR_ReadHumidity
                0x08001bec       0x1c ./Core/Src/stm32l4s5i_iot01_hsensor.o
                0x08001bec                BSP_HSENSOR_ReadHumidity
 .text.BSP_QSPI_Init
                0x08001c08       0xfc ./Core/Src/stm32l4s5i_iot01_qspi.o
                0x08001c08                BSP_QSPI_Init
 .text.BSP_QSPI_Read
                0x08001d04       0xa4 ./Core/Src/stm32l4s5i_iot01_qspi.o
                0x08001d04                BSP_QSPI_Read
 .text.BSP_QSPI_Write
                0x08001da8      0x10c ./Core/Src/stm32l4s5i_iot01_qspi.o
                0x08001da8                BSP_QSPI_Write
 .text.BSP_QSPI_Erase_Block
                0x08001eb4       0x94 ./Core/Src/stm32l4s5i_iot01_qspi.o
                0x08001eb4                BSP_QSPI_Erase_Block
 .text.BSP_QSPI_MspInit
                0x08001f48       0x80 ./Core/Src/stm32l4s5i_iot01_qspi.o
                0x08001f48                BSP_QSPI_MspInit
 .text.QSPI_ResetMemory
                0x08001fc8       0x8e ./Core/Src/stm32l4s5i_iot01_qspi.o
 .text.QSPI_WriteEnable
                0x08002056       0xb8 ./Core/Src/stm32l4s5i_iot01_qspi.o
 .text.QSPI_AutoPollingMemReady
                0x0800210e       0x96 ./Core/Src/stm32l4s5i_iot01_qspi.o
 .text.QSPI_QuadMode
                0x080021a4      0x158 ./Core/Src/stm32l4s5i_iot01_qspi.o
 .text.QSPI_HighPerfMode
                0x080022fc      0x19e ./Core/Src/stm32l4s5i_iot01_qspi.o
 *fill*         0x0800249a        0x2 
 .text.BSP_TSENSOR_Init
                0x0800249c       0x38 ./Core/Src/stm32l4s5i_iot01_tsensor.o
                0x0800249c                BSP_TSENSOR_Init
 .text.BSP_TSENSOR_ReadTemp
                0x080024d4       0x1c ./Core/Src/stm32l4s5i_iot01_tsensor.o
                0x080024d4                BSP_TSENSOR_ReadTemp
 .text.HAL_MspInit
                0x080024f0       0x48 ./Core/Src/stm32l4xx_hal_msp.o
                0x080024f0                HAL_MspInit
 .text.HAL_DAC_MspInit
                0x08002538       0x8c ./Core/Src/stm32l4xx_hal_msp.o
                0x08002538                HAL_DAC_MspInit
 .text.HAL_I2C_MspInit
                0x080025c4       0xbc ./Core/Src/stm32l4xx_hal_msp.o
                0x080025c4                HAL_I2C_MspInit
 .text.HAL_I2C_MspDeInit
                0x08002680       0x48 ./Core/Src/stm32l4xx_hal_msp.o
                0x08002680                HAL_I2C_MspDeInit
 .text.HAL_LPTIM_MspInit
                0x080026c8       0xcc ./Core/Src/stm32l4xx_hal_msp.o
                0x080026c8                HAL_LPTIM_MspInit
 .text.HAL_OSPI_MspInit
                0x08002794       0x80 ./Core/Src/stm32l4xx_hal_msp.o
                0x08002794                HAL_OSPI_MspInit
 .text.HAL_OSPI_MspDeInit
                0x08002814       0x40 ./Core/Src/stm32l4xx_hal_msp.o
                0x08002814                HAL_OSPI_MspDeInit
 .text.HAL_RTC_MspInit
                0x08002854       0xc8 ./Core/Src/stm32l4xx_hal_msp.o
                0x08002854                HAL_RTC_MspInit
 .text.HAL_TIM_Base_MspInit
                0x0800291c       0xac ./Core/Src/stm32l4xx_hal_msp.o
                0x0800291c                HAL_TIM_Base_MspInit
 .text.HAL_UART_MspInit
                0x080029c8       0xcc ./Core/Src/stm32l4xx_hal_msp.o
                0x080029c8                HAL_UART_MspInit
 .text.NMI_Handler
                0x08002a94        0x8 ./Core/Src/stm32l4xx_it.o
                0x08002a94                NMI_Handler
 .text.HardFault_Handler
                0x08002a9c        0x8 ./Core/Src/stm32l4xx_it.o
                0x08002a9c                HardFault_Handler
 .text.MemManage_Handler
                0x08002aa4        0x8 ./Core/Src/stm32l4xx_it.o
                0x08002aa4                MemManage_Handler
 .text.BusFault_Handler
                0x08002aac        0x8 ./Core/Src/stm32l4xx_it.o
                0x08002aac                BusFault_Handler
 .text.UsageFault_Handler
                0x08002ab4        0x8 ./Core/Src/stm32l4xx_it.o
                0x08002ab4                UsageFault_Handler
 .text.SVC_Handler
                0x08002abc        0xe ./Core/Src/stm32l4xx_it.o
                0x08002abc                SVC_Handler
 .text.DebugMon_Handler
                0x08002aca        0xe ./Core/Src/stm32l4xx_it.o
                0x08002aca                DebugMon_Handler
 .text.PendSV_Handler
                0x08002ad8        0xe ./Core/Src/stm32l4xx_it.o
                0x08002ad8                PendSV_Handler
 .text.SysTick_Handler
                0x08002ae6        0xc ./Core/Src/stm32l4xx_it.o
                0x08002ae6                SysTick_Handler
 *fill*         0x08002af2        0x2 
 .text.USART1_IRQHandler
                0x08002af4       0x14 ./Core/Src/stm32l4xx_it.o
                0x08002af4                USART1_IRQHandler
 .text.EXTI15_10_IRQHandler
                0x08002b08       0x18 ./Core/Src/stm32l4xx_it.o
                0x08002b08                EXTI15_10_IRQHandler
 .text.RTC_Alarm_IRQHandler
                0x08002b20       0x14 ./Core/Src/stm32l4xx_it.o
                0x08002b20                RTC_Alarm_IRQHandler
 .text.TIM6_DAC_IRQHandler
                0x08002b34       0x1c ./Core/Src/stm32l4xx_it.o
                0x08002b34                TIM6_DAC_IRQHandler
 .text.TIM7_IRQHandler
                0x08002b50       0x14 ./Core/Src/stm32l4xx_it.o
                0x08002b50                TIM7_IRQHandler
 .text.LPTIM1_IRQHandler
                0x08002b64       0x14 ./Core/Src/stm32l4xx_it.o
                0x08002b64                LPTIM1_IRQHandler
 .text._sbrk    0x08002b78       0x6c ./Core/Src/sysmem.o
                0x08002b78                _sbrk
 .text.SystemInit
                0x08002be4       0x24 ./Core/Src/system_stm32l4xx.o
                0x08002be4                SystemInit
 .text.Reset_Handler
                0x08002c08       0x50 ./Core/Startup/startup_stm32l4s5vitx.o
                0x08002c08                Reset_Handler
 .text.Default_Handler
                0x08002c58        0x2 ./Core/Startup/startup_stm32l4s5vitx.o
                0x08002c58                EXTI2_IRQHandler
                0x08002c58                TIM8_TRG_COM_IRQHandler
                0x08002c58                TIM8_CC_IRQHandler
                0x08002c58                TIM1_CC_IRQHandler
                0x08002c58                TSC_IRQHandler
                0x08002c58                TAMP_STAMP_IRQHandler
                0x08002c58                EXTI3_IRQHandler
                0x08002c58                LPTIM2_IRQHandler
                0x08002c58                DFSDM1_FLT1_IRQHandler
                0x08002c58                GFXMMU_IRQHandler
                0x08002c58                I2C3_ER_IRQHandler
                0x08002c58                DFSDM1_FLT2_IRQHandler
                0x08002c58                EXTI0_IRQHandler
                0x08002c58                I2C2_EV_IRQHandler
                0x08002c58                CAN1_RX0_IRQHandler
                0x08002c58                FPU_IRQHandler
                0x08002c58                TIM1_UP_TIM16_IRQHandler
                0x08002c58                LTDC_ER_IRQHandler
                0x08002c58                SPI1_IRQHandler
                0x08002c58                OCTOSPI1_IRQHandler
                0x08002c58                DCMI_IRQHandler
                0x08002c58                TIM8_UP_IRQHandler
                0x08002c58                OCTOSPI2_IRQHandler
                0x08002c58                DMA2_Channel2_IRQHandler
                0x08002c58                DMA1_Channel4_IRQHandler
                0x08002c58                SAI2_IRQHandler
                0x08002c58                ADC1_IRQHandler
                0x08002c58                DFSDM1_FLT3_IRQHandler
                0x08002c58                USART3_IRQHandler
                0x08002c58                DMA1_Channel7_IRQHandler
                0x08002c58                CAN1_RX1_IRQHandler
                0x08002c58                UART5_IRQHandler
                0x08002c58                TIM4_IRQHandler
                0x08002c58                DMA2_Channel1_IRQHandler
                0x08002c58                I2C1_EV_IRQHandler
                0x08002c58                DMAMUX1_OVR_IRQHandler
                0x08002c58                DMA1_Channel6_IRQHandler
                0x08002c58                UART4_IRQHandler
                0x08002c58                DMA2_Channel4_IRQHandler
                0x08002c58                TIM3_IRQHandler
                0x08002c58                RCC_IRQHandler
                0x08002c58                DMA1_Channel1_IRQHandler
                0x08002c58                Default_Handler
                0x08002c58                DMA2_Channel7_IRQHandler
                0x08002c58                SDMMC1_IRQHandler
                0x08002c58                TIM5_IRQHandler
                0x08002c58                I2C3_EV_IRQHandler
                0x08002c58                EXTI9_5_IRQHandler
                0x08002c58                RTC_WKUP_IRQHandler
                0x08002c58                LTDC_IRQHandler
                0x08002c58                PVD_PVM_IRQHandler
                0x08002c58                SPI2_IRQHandler
                0x08002c58                CAN1_TX_IRQHandler
                0x08002c58                DMA2_Channel5_IRQHandler
                0x08002c58                DMA1_Channel5_IRQHandler
                0x08002c58                EXTI4_IRQHandler
                0x08002c58                RNG_IRQHandler
                0x08002c58                TIM1_TRG_COM_TIM17_IRQHandler
                0x08002c58                DMA1_Channel3_IRQHandler
                0x08002c58                COMP_IRQHandler
                0x08002c58                HASH_CRS_IRQHandler
                0x08002c58                WWDG_IRQHandler
                0x08002c58                I2C4_EV_IRQHandler
                0x08002c58                LPUART1_IRQHandler
                0x08002c58                DMA2_Channel6_IRQHandler
                0x08002c58                TIM2_IRQHandler
                0x08002c58                DMA2D_IRQHandler
                0x08002c58                EXTI1_IRQHandler
                0x08002c58                AES_IRQHandler
                0x08002c58                USART2_IRQHandler
                0x08002c58                DFSDM1_FLT0_IRQHandler
                0x08002c58                I2C2_ER_IRQHandler
                0x08002c58                DMA1_Channel2_IRQHandler
                0x08002c58                TIM8_BRK_IRQHandler
                0x08002c58                CAN1_SCE_IRQHandler
                0x08002c58                FLASH_IRQHandler
                0x08002c58                OTG_FS_IRQHandler
                0x08002c58                SPI3_IRQHandler
                0x08002c58                I2C1_ER_IRQHandler
                0x08002c58                FMC_IRQHandler
                0x08002c58                I2C4_ER_IRQHandler
                0x08002c58                SAI1_IRQHandler
                0x08002c58                DMA2_Channel3_IRQHandler
                0x08002c58                TIM1_BRK_TIM15_IRQHandler
 .text.HAL_Init
                0x08002c5a       0x30 ./Drivers/STM32L4xx_HAL_Driver/stm32l4xx_hal.o
                0x08002c5a                HAL_Init
 *fill*         0x08002c8a        0x2 
 .text.HAL_InitTick
                0x08002c8c       0x78 ./Drivers/STM32L4xx_HAL_Driver/stm32l4xx_hal.o
                0x08002c8c                HAL_InitTick
 .text.HAL_IncTick
                0x08002d04       0x28 ./Drivers/STM32L4xx_HAL_Driver/stm32l4xx_hal.o
                0x08002d04                HAL_IncTick
 .text.HAL_GetTick
                0x08002d2c       0x18 ./Drivers/STM32L4xx_HAL_Driver/stm32l4xx_hal.o
                0x08002d2c                HAL_GetTick
 .text.HAL_Delay
                0x08002d44       0x48 ./Drivers/STM32L4xx_HAL_Driver/stm32l4xx_hal.o
                0x08002d44                HAL_Delay
 .text.__NVIC_SetPriorityGrouping
                0x08002d8c       0x48 ./Drivers/STM32L4xx_HAL_Driver/stm32l4xx_hal_cortex.o
 .text.__NVIC_GetPriorityGrouping
                0x08002dd4       0x1c ./Drivers/STM32L4xx_HAL_Driver/stm32l4xx_hal_cortex.o
 .text.__NVIC_EnableIRQ
                0x08002df0       0x3c ./Drivers/STM32L4xx_HAL_Driver/stm32l4xx_hal_cortex.o
 .text.__NVIC_SetPriority
                0x08002e2c       0x54 ./Drivers/STM32L4xx_HAL_Driver/stm32l4xx_hal_cortex.o
 .text.NVIC_EncodePriority
                0x08002e80       0x66 ./Drivers/STM32L4xx_HAL_Driver/stm32l4xx_hal_cortex.o
 *fill*         0x08002ee6        0x2 
 .text.SysTick_Config
                0x08002ee8       0x44 ./Drivers/STM32L4xx_HAL_Driver/stm32l4xx_hal_cortex.o
 .text.HAL_NVIC_SetPriorityGrouping
                0x08002f2c       0x16 ./Drivers/STM32L4xx_HAL_Driver/stm32l4xx_hal_cortex.o
                0x08002f2c                HAL_NVIC_SetPriorityGrouping
 .text.HAL_NVIC_SetPriority
                0x08002f42       0x38 ./Drivers/STM32L4xx_HAL_Driver/stm32l4xx_hal_cortex.o
                0x08002f42                HAL_NVIC_SetPriority
 .text.HAL_NVIC_EnableIRQ
                0x08002f7a       0x1c ./Drivers/STM32L4xx_HAL_Driver/stm32l4xx_hal_cortex.o
                0x08002f7a                HAL_NVIC_EnableIRQ
 .text.HAL_SYSTICK_Config
                0x08002f96       0x18 ./Drivers/STM32L4xx_HAL_Driver/stm32l4xx_hal_cortex.o
                0x08002f96                HAL_SYSTICK_Config
 .text.HAL_DAC_Init
                0x08002fae       0x44 ./Drivers/STM32L4xx_HAL_Driver/stm32l4xx_hal_dac.o
                0x08002fae                HAL_DAC_Init
 .text.HAL_DAC_Start
                0x08002ff2       0xa4 ./Drivers/STM32L4xx_HAL_Driver/stm32l4xx_hal_dac.o
                0x08002ff2                HAL_DAC_Start
 .text.HAL_DAC_IRQHandler
                0x08003096       0xb4 ./Drivers/STM32L4xx_HAL_Driver/stm32l4xx_hal_dac.o
                0x08003096                HAL_DAC_IRQHandler
 .text.HAL_DAC_SetValue
                0x0800314a       0x4a ./Drivers/STM32L4xx_HAL_Driver/stm32l4xx_hal_dac.o
                0x0800314a                HAL_DAC_SetValue
 .text.HAL_DAC_DMAUnderrunCallbackCh1
                0x08003194       0x14 ./Drivers/STM32L4xx_HAL_Driver/stm32l4xx_hal_dac.o
                0x08003194                HAL_DAC_DMAUnderrunCallbackCh1
 .text.HAL_DAC_ConfigChannel
                0x080031a8      0x298 ./Drivers/STM32L4xx_HAL_Driver/stm32l4xx_hal_dac.o
                0x080031a8                HAL_DAC_ConfigChannel
 .text.HAL_DACEx_DMAUnderrunCallbackCh2
                0x08003440       0x14 ./Drivers/STM32L4xx_HAL_Driver/stm32l4xx_hal_dac_ex.o
                0x08003440                HAL_DACEx_DMAUnderrunCallbackCh2
 .text.HAL_DMA_Abort
                0x08003454       0xb8 ./Drivers/STM32L4xx_HAL_Driver/stm32l4xx_hal_dma.o
                0x08003454                HAL_DMA_Abort
 .text.HAL_DMA_Abort_IT
                0x0800350c       0xbe ./Drivers/STM32L4xx_HAL_Driver/stm32l4xx_hal_dma.o
                0x0800350c                HAL_DMA_Abort_IT
 *fill*         0x080035ca        0x2 
 .text.HAL_GPIO_Init
                0x080035cc      0x324 ./Drivers/STM32L4xx_HAL_Driver/stm32l4xx_hal_gpio.o
                0x080035cc                HAL_GPIO_Init
 .text.HAL_GPIO_DeInit
                0x080038f0      0x1e4 ./Drivers/STM32L4xx_HAL_Driver/stm32l4xx_hal_gpio.o
                0x080038f0                HAL_GPIO_DeInit
 .text.HAL_GPIO_EXTI_IRQHandler
                0x08003ad4       0x30 ./Drivers/STM32L4xx_HAL_Driver/stm32l4xx_hal_gpio.o
                0x08003ad4                HAL_GPIO_EXTI_IRQHandler
 .text.HAL_I2C_Init
                0x08003b04      0x136 ./Drivers/STM32L4xx_HAL_Driver/stm32l4xx_hal_i2c.o
                0x08003b04                HAL_I2C_Init
 .text.HAL_I2C_DeInit
                0x08003c3a       0x5e ./Drivers/STM32L4xx_HAL_Driver/stm32l4xx_hal_i2c.o
                0x08003c3a                HAL_I2C_DeInit
 .text.HAL_I2C_Mem_Write
                0x08003c98      0x228 ./Drivers/STM32L4xx_HAL_Driver/stm32l4xx_hal_i2c.o
                0x08003c98                HAL_I2C_Mem_Write
 .text.HAL_I2C_Mem_Read
                0x08003ec0      0x234 ./Drivers/STM32L4xx_HAL_Driver/stm32l4xx_hal_i2c.o
                0x08003ec0                HAL_I2C_Mem_Read
 .text.I2C_RequestMemoryWrite
                0x080040f4       0xa8 ./Drivers/STM32L4xx_HAL_Driver/stm32l4xx_hal_i2c.o
 .text.I2C_RequestMemoryRead
                0x0800419c       0xa8 ./Drivers/STM32L4xx_HAL_Driver/stm32l4xx_hal_i2c.o
 .text.I2C_Flush_TXDR
                0x08004244       0x48 ./Drivers/STM32L4xx_HAL_Driver/stm32l4xx_hal_i2c.o
 .text.I2C_WaitOnFlagUntilTimeout
                0x0800428c       0xb2 ./Drivers/STM32L4xx_HAL_Driver/stm32l4xx_hal_i2c.o
 .text.I2C_WaitOnTXISFlagUntilTimeout
                0x0800433e       0x8e ./Drivers/STM32L4xx_HAL_Driver/stm32l4xx_hal_i2c.o
 .text.I2C_WaitOnSTOPFlagUntilTimeout
                0x080043cc       0x86 ./Drivers/STM32L4xx_HAL_Driver/stm32l4xx_hal_i2c.o
 *fill*         0x08004452        0x2 
 .text.I2C_IsErrorOccurred
                0x08004454      0x1c0 ./Drivers/STM32L4xx_HAL_Driver/stm32l4xx_hal_i2c.o
 .text.I2C_TransferConfig
                0x08004614       0x64 ./Drivers/STM32L4xx_HAL_Driver/stm32l4xx_hal_i2c.o
 .text.HAL_I2CEx_ConfigAnalogFilter
                0x08004678       0x96 ./Drivers/STM32L4xx_HAL_Driver/stm32l4xx_hal_i2c_ex.o
                0x08004678                HAL_I2CEx_ConfigAnalogFilter
 .text.HAL_I2CEx_ConfigDigitalFilter
                0x0800470e       0x98 ./Drivers/STM32L4xx_HAL_Driver/stm32l4xx_hal_i2c_ex.o
                0x0800470e                HAL_I2CEx_ConfigDigitalFilter
 *fill*         0x080047a6        0x2 
 .text.HAL_LPTIM_Init
                0x080047a8      0x144 ./Drivers/STM32L4xx_HAL_Driver/stm32l4xx_hal_lptim.o
                0x080047a8                HAL_LPTIM_Init
 .text.HAL_LPTIM_IRQHandler
                0x080048ec      0x136 ./Drivers/STM32L4xx_HAL_Driver/stm32l4xx_hal_lptim.o
                0x080048ec                HAL_LPTIM_IRQHandler
 .text.HAL_LPTIM_CompareMatchCallback
                0x08004a22       0x14 ./Drivers/STM32L4xx_HAL_Driver/stm32l4xx_hal_lptim.o
                0x08004a22                HAL_LPTIM_CompareMatchCallback
 .text.HAL_LPTIM_AutoReloadMatchCallback
                0x08004a36       0x14 ./Drivers/STM32L4xx_HAL_Driver/stm32l4xx_hal_lptim.o
                0x08004a36                HAL_LPTIM_AutoReloadMatchCallback
 .text.HAL_LPTIM_TriggerCallback
                0x08004a4a       0x14 ./Drivers/STM32L4xx_HAL_Driver/stm32l4xx_hal_lptim.o
                0x08004a4a                HAL_LPTIM_TriggerCallback
 .text.HAL_LPTIM_CompareWriteCallback
                0x08004a5e       0x14 ./Drivers/STM32L4xx_HAL_Driver/stm32l4xx_hal_lptim.o
                0x08004a5e                HAL_LPTIM_CompareWriteCallback
 .text.HAL_LPTIM_AutoReloadWriteCallback
                0x08004a72       0x14 ./Drivers/STM32L4xx_HAL_Driver/stm32l4xx_hal_lptim.o
                0x08004a72                HAL_LPTIM_AutoReloadWriteCallback
 .text.HAL_LPTIM_DirectionUpCallback
                0x08004a86       0x14 ./Drivers/STM32L4xx_HAL_Driver/stm32l4xx_hal_lptim.o
                0x08004a86                HAL_LPTIM_DirectionUpCallback
 .text.HAL_LPTIM_DirectionDownCallback
                0x08004a9a       0x14 ./Drivers/STM32L4xx_HAL_Driver/stm32l4xx_hal_lptim.o
                0x08004a9a                HAL_LPTIM_DirectionDownCallback
 *fill*         0x08004aae        0x2 
 .text.HAL_OSPI_Init
                0x08004ab0      0x154 ./Drivers/STM32L4xx_HAL_Driver/stm32l4xx_hal_ospi.o
                0x08004ab0                HAL_OSPI_Init
 .text.HAL_OSPI_DeInit
                0x08004c04       0x4e ./Drivers/STM32L4xx_HAL_Driver/stm32l4xx_hal_ospi.o
                0x08004c04                HAL_OSPI_DeInit
 .text.HAL_OSPI_Command
                0x08004c52      0x102 ./Drivers/STM32L4xx_HAL_Driver/stm32l4xx_hal_ospi.o
                0x08004c52                HAL_OSPI_Command
 .text.HAL_OSPI_Transmit
                0x08004d54       0xe6 ./Drivers/STM32L4xx_HAL_Driver/stm32l4xx_hal_ospi.o
                0x08004d54                HAL_OSPI_Transmit
 .text.HAL_OSPI_Receive
                0x08004e3a      0x146 ./Drivers/STM32L4xx_HAL_Driver/stm32l4xx_hal_ospi.o
                0x08004e3a                HAL_OSPI_Receive
 .text.HAL_OSPI_AutoPolling
                0x08004f80      0x10e ./Drivers/STM32L4xx_HAL_Driver/stm32l4xx_hal_ospi.o
                0x08004f80                HAL_OSPI_AutoPolling
 .text.HAL_OSPI_SetTimeout
                0x0800508e       0x1e ./Drivers/STM32L4xx_HAL_Driver/stm32l4xx_hal_ospi.o
                0x0800508e                HAL_OSPI_SetTimeout
 .text.OSPI_WaitFlagStateUntilTimeout
                0x080050ac       0x6e ./Drivers/STM32L4xx_HAL_Driver/stm32l4xx_hal_ospi.o
 *fill*         0x0800511a        0x2 
 .text.OSPI_ConfigCmd
                0x0800511c      0x2c4 ./Drivers/STM32L4xx_HAL_Driver/stm32l4xx_hal_ospi.o
 .text.HAL_PWREx_GetVoltageRange
                0x080053e0       0x40 ./Drivers/STM32L4xx_HAL_Driver/stm32l4xx_hal_pwr_ex.o
                0x080053e0                HAL_PWREx_GetVoltageRange
 .text.HAL_PWREx_ControlVoltageScaling
                0x08005420      0x148 ./Drivers/STM32L4xx_HAL_Driver/stm32l4xx_hal_pwr_ex.o
                0x08005420                HAL_PWREx_ControlVoltageScaling
 .text.HAL_RCC_OscConfig
                0x08005568      0x834 ./Drivers/STM32L4xx_HAL_Driver/stm32l4xx_hal_rcc.o
                0x08005568                HAL_RCC_OscConfig
 .text.HAL_RCC_ClockConfig
                0x08005d9c      0x274 ./Drivers/STM32L4xx_HAL_Driver/stm32l4xx_hal_rcc.o
                0x08005d9c                HAL_RCC_ClockConfig
 .text.HAL_RCC_GetSysClockFreq
                0x08006010      0x118 ./Drivers/STM32L4xx_HAL_Driver/stm32l4xx_hal_rcc.o
                0x08006010                HAL_RCC_GetSysClockFreq
 .text.HAL_RCC_GetHCLKFreq
                0x08006128       0x18 ./Drivers/STM32L4xx_HAL_Driver/stm32l4xx_hal_rcc.o
                0x08006128                HAL_RCC_GetHCLKFreq
 .text.HAL_RCC_GetPCLK1Freq
                0x08006140       0x2c ./Drivers/STM32L4xx_HAL_Driver/stm32l4xx_hal_rcc.o
                0x08006140                HAL_RCC_GetPCLK1Freq
 .text.HAL_RCC_GetPCLK2Freq
                0x0800616c       0x2c ./Drivers/STM32L4xx_HAL_Driver/stm32l4xx_hal_rcc.o
                0x0800616c                HAL_RCC_GetPCLK2Freq
 .text.RCC_SetFlashLatencyFromMSIRange
                0x08006198       0xb4 ./Drivers/STM32L4xx_HAL_Driver/stm32l4xx_hal_rcc.o
 .text.RCC_GetSysClockFreqFromPLLSource
                0x0800624c       0xcc ./Drivers/STM32L4xx_HAL_Driver/stm32l4xx_hal_rcc.o
 .text.HAL_RCCEx_PeriphCLKConfig
                0x08006318      0x660 ./Drivers/STM32L4xx_HAL_Driver/stm32l4xx_hal_rcc_ex.o
                0x08006318                HAL_RCCEx_PeriphCLKConfig
 .text.RCCEx_PLLSAI1_Config
                0x08006978      0x1e8 ./Drivers/STM32L4xx_HAL_Driver/stm32l4xx_hal_rcc_ex.o
 .text.RCCEx_PLLSAI2_Config
                0x08006b60      0x1e8 ./Drivers/STM32L4xx_HAL_Driver/stm32l4xx_hal_rcc_ex.o
 .text.HAL_RTC_Init
                0x08006d48      0x110 ./Drivers/STM32L4xx_HAL_Driver/stm32l4xx_hal_rtc.o
                0x08006d48                HAL_RTC_Init
 .text.HAL_RTC_SetTime
                0x08006e58      0x13a ./Drivers/STM32L4xx_HAL_Driver/stm32l4xx_hal_rtc.o
                0x08006e58                HAL_RTC_SetTime
 .text.HAL_RTC_GetTime
                0x08006f92       0xb8 ./Drivers/STM32L4xx_HAL_Driver/stm32l4xx_hal_rtc.o
                0x08006f92                HAL_RTC_GetTime
 .text.HAL_RTC_SetDate
                0x0800704a      0x10e ./Drivers/STM32L4xx_HAL_Driver/stm32l4xx_hal_rtc.o
                0x0800704a                HAL_RTC_SetDate
 .text.HAL_RTC_SetAlarm_IT
                0x08007158      0x278 ./Drivers/STM32L4xx_HAL_Driver/stm32l4xx_hal_rtc.o
                0x08007158                HAL_RTC_SetAlarm_IT
 .text.HAL_RTC_DeactivateAlarm
                0x080073d0      0x128 ./Drivers/STM32L4xx_HAL_Driver/stm32l4xx_hal_rtc.o
                0x080073d0                HAL_RTC_DeactivateAlarm
 .text.HAL_RTC_AlarmIRQHandler
                0x080074f8       0x8c ./Drivers/STM32L4xx_HAL_Driver/stm32l4xx_hal_rtc.o
                0x080074f8                HAL_RTC_AlarmIRQHandler
 .text.HAL_RTC_WaitForSynchro
                0x08007584       0x48 ./Drivers/STM32L4xx_HAL_Driver/stm32l4xx_hal_rtc.o
                0x08007584                HAL_RTC_WaitForSynchro
 .text.RTC_EnterInitMode
                0x080075cc       0x66 ./Drivers/STM32L4xx_HAL_Driver/stm32l4xx_hal_rtc.o
                0x080075cc                RTC_EnterInitMode
 *fill*         0x08007632        0x2 
 .text.RTC_ExitInitMode
                0x08007634       0x7c ./Drivers/STM32L4xx_HAL_Driver/stm32l4xx_hal_rtc.o
                0x08007634                RTC_ExitInitMode
 .text.RTC_ByteToBcd2
                0x080076b0       0x40 ./Drivers/STM32L4xx_HAL_Driver/stm32l4xx_hal_rtc.o
                0x080076b0                RTC_ByteToBcd2
 .text.RTC_Bcd2ToByte
                0x080076f0       0x34 ./Drivers/STM32L4xx_HAL_Driver/stm32l4xx_hal_rtc.o
                0x080076f0                RTC_Bcd2ToByte
 .text.HAL_RTCEx_SetCalibrationOutPut
                0x08007724       0x8e ./Drivers/STM32L4xx_HAL_Driver/stm32l4xx_hal_rtc_ex.o
                0x08007724                HAL_RTCEx_SetCalibrationOutPut
 .text.HAL_RTCEx_AlarmBEventCallback
                0x080077b2       0x14 ./Drivers/STM32L4xx_HAL_Driver/stm32l4xx_hal_rtc_ex.o
                0x080077b2                HAL_RTCEx_AlarmBEventCallback
 .text.HAL_TIM_Base_Init
                0x080077c6       0xae ./Drivers/STM32L4xx_HAL_Driver/stm32l4xx_hal_tim.o
                0x080077c6                HAL_TIM_Base_Init
 .text.HAL_TIM_Base_Start_IT
                0x08007874       0xe0 ./Drivers/STM32L4xx_HAL_Driver/stm32l4xx_hal_tim.o
                0x08007874                HAL_TIM_Base_Start_IT
 .text.HAL_TIM_Base_Stop_IT
                0x08007954       0x5e ./Drivers/STM32L4xx_HAL_Driver/stm32l4xx_hal_tim.o
                0x08007954                HAL_TIM_Base_Stop_IT
 .text.HAL_TIM_IRQHandler
                0x080079b2      0x20e ./Drivers/STM32L4xx_HAL_Driver/stm32l4xx_hal_tim.o
                0x080079b2                HAL_TIM_IRQHandler
 .text.HAL_TIM_OC_DelayElapsedCallback
                0x08007bc0       0x14 ./Drivers/STM32L4xx_HAL_Driver/stm32l4xx_hal_tim.o
                0x08007bc0                HAL_TIM_OC_DelayElapsedCallback
 .text.HAL_TIM_IC_CaptureCallback
                0x08007bd4       0x14 ./Drivers/STM32L4xx_HAL_Driver/stm32l4xx_hal_tim.o
                0x08007bd4                HAL_TIM_IC_CaptureCallback
 .text.HAL_TIM_PWM_PulseFinishedCallback
                0x08007be8       0x14 ./Drivers/STM32L4xx_HAL_Driver/stm32l4xx_hal_tim.o
                0x08007be8                HAL_TIM_PWM_PulseFinishedCallback
 .text.HAL_TIM_TriggerCallback
                0x08007bfc       0x14 ./Drivers/STM32L4xx_HAL_Driver/stm32l4xx_hal_tim.o
                0x08007bfc                HAL_TIM_TriggerCallback
 .text.TIM_Base_SetConfig
                0x08007c10      0x14c ./Drivers/STM32L4xx_HAL_Driver/stm32l4xx_hal_tim.o
                0x08007c10                TIM_Base_SetConfig
 .text.HAL_TIMEx_MasterConfigSynchronization
                0x08007d5c      0x110 ./Drivers/STM32L4xx_HAL_Driver/stm32l4xx_hal_tim_ex.o
                0x08007d5c                HAL_TIMEx_MasterConfigSynchronization
 .text.HAL_TIMEx_CommutCallback
                0x08007e6c       0x14 ./Drivers/STM32L4xx_HAL_Driver/stm32l4xx_hal_tim_ex.o
                0x08007e6c                HAL_TIMEx_CommutCallback
 .text.HAL_TIMEx_BreakCallback
                0x08007e80       0x14 ./Drivers/STM32L4xx_HAL_Driver/stm32l4xx_hal_tim_ex.o
                0x08007e80                HAL_TIMEx_BreakCallback
 .text.HAL_TIMEx_Break2Callback
                0x08007e94       0x14 ./Drivers/STM32L4xx_HAL_Driver/stm32l4xx_hal_tim_ex.o
                0x08007e94                HAL_TIMEx_Break2Callback
 .text.HAL_UART_Init
                0x08007ea8       0xa0 ./Drivers/STM32L4xx_HAL_Driver/stm32l4xx_hal_uart.o
                0x08007ea8                HAL_UART_Init
 .text.HAL_UART_Transmit
                0x08007f48      0x11c ./Drivers/STM32L4xx_HAL_Driver/stm32l4xx_hal_uart.o
                0x08007f48                HAL_UART_Transmit
 .text.HAL_UART_Receive_IT
                0x08008064       0x98 ./Drivers/STM32L4xx_HAL_Driver/stm32l4xx_hal_uart.o
                0x08008064                HAL_UART_Receive_IT
 .text.HAL_UART_IRQHandler
                0x080080fc      0x684 ./Drivers/STM32L4xx_HAL_Driver/stm32l4xx_hal_uart.o
                0x080080fc                HAL_UART_IRQHandler
 .text.HAL_UART_TxCpltCallback
                0x08008780       0x14 ./Drivers/STM32L4xx_HAL_Driver/stm32l4xx_hal_uart.o
                0x08008780                HAL_UART_TxCpltCallback
 .text.HAL_UART_ErrorCallback
                0x08008794       0x14 ./Drivers/STM32L4xx_HAL_Driver/stm32l4xx_hal_uart.o
                0x08008794                HAL_UART_ErrorCallback
 .text.HAL_UARTEx_RxEventCallback
                0x080087a8       0x18 ./Drivers/STM32L4xx_HAL_Driver/stm32l4xx_hal_uart.o
                0x080087a8                HAL_UARTEx_RxEventCallback
 .text.UART_SetConfig
                0x080087c0      0x5f8 ./Drivers/STM32L4xx_HAL_Driver/stm32l4xx_hal_uart.o
                0x080087c0                UART_SetConfig
 .text.UART_AdvFeatureConfig
                0x08008db8      0x144 ./Drivers/STM32L4xx_HAL_Driver/stm32l4xx_hal_uart.o
                0x08008db8                UART_AdvFeatureConfig
 .text.UART_CheckIdleState
                0x08008efc      0x154 ./Drivers/STM32L4xx_HAL_Driver/stm32l4xx_hal_uart.o
                0x08008efc                UART_CheckIdleState
 .text.UART_WaitOnFlagUntilTimeout
                0x08009050       0xda ./Drivers/STM32L4xx_HAL_Driver/stm32l4xx_hal_uart.o
                0x08009050                UART_WaitOnFlagUntilTimeout
 *fill*         0x0800912a        0x2 
 .text.UART_Start_Receive_IT
                0x0800912c      0x244 ./Drivers/STM32L4xx_HAL_Driver/stm32l4xx_hal_uart.o
                0x0800912c                UART_Start_Receive_IT
 .text.UART_EndRxTransfer
                0x08009370       0xcc ./Drivers/STM32L4xx_HAL_Driver/stm32l4xx_hal_uart.o
 .text.UART_DMAAbortOnError
                0x0800943c       0x2c ./Drivers/STM32L4xx_HAL_Driver/stm32l4xx_hal_uart.o
 .text.UART_EndTransmit_IT
                0x08009468       0x56 ./Drivers/STM32L4xx_HAL_Driver/stm32l4xx_hal_uart.o
 *fill*         0x080094be        0x2 
 .text.UART_RxISR_8BIT
                0x080094c0      0x1bc ./Drivers/STM32L4xx_HAL_Driver/stm32l4xx_hal_uart.o
 .text.UART_RxISR_16BIT
                0x0800967c      0x1bc ./Drivers/STM32L4xx_HAL_Driver/stm32l4xx_hal_uart.o
 .text.UART_RxISR_8BIT_FIFOEN
                0x08009838      0x368 ./Drivers/STM32L4xx_HAL_Driver/stm32l4xx_hal_uart.o
 .text.UART_RxISR_16BIT_FIFOEN
                0x08009ba0      0x370 ./Drivers/STM32L4xx_HAL_Driver/stm32l4xx_hal_uart.o
 .text.HAL_UARTEx_WakeupCallback
                0x08009f10       0x14 ./Drivers/STM32L4xx_HAL_Driver/stm32l4xx_hal_uart_ex.o
                0x08009f10                HAL_UARTEx_WakeupCallback
 .text.HAL_UARTEx_RxFifoFullCallback
                0x08009f24       0x14 ./Drivers/STM32L4xx_HAL_Driver/stm32l4xx_hal_uart_ex.o
                0x08009f24                HAL_UARTEx_RxFifoFullCallback
 .text.HAL_UARTEx_TxFifoEmptyCallback
                0x08009f38       0x14 ./Drivers/STM32L4xx_HAL_Driver/stm32l4xx_hal_uart_ex.o
                0x08009f38                HAL_UARTEx_TxFifoEmptyCallback
 .text.HAL_UARTEx_DisableFifoMode
                0x08009f4c       0x72 ./Drivers/STM32L4xx_HAL_Driver/stm32l4xx_hal_uart_ex.o
                0x08009f4c                HAL_UARTEx_DisableFifoMode
 .text.HAL_UARTEx_SetTxFifoThreshold
                0x08009fbe       0x7c ./Drivers/STM32L4xx_HAL_Driver/stm32l4xx_hal_uart_ex.o
                0x08009fbe                HAL_UARTEx_SetTxFifoThreshold
 .text.HAL_UARTEx_SetRxFifoThreshold
                0x0800a03a       0x7c ./Drivers/STM32L4xx_HAL_Driver/stm32l4xx_hal_uart_ex.o
                0x0800a03a                HAL_UARTEx_SetRxFifoThreshold
 *fill*         0x0800a0b6        0x2 
 .text.UARTEx_SetNbDataToProcess
                0x0800a0b8       0x9c ./Drivers/STM32L4xx_HAL_Driver/stm32l4xx_hal_uart_ex.o
 .text._strtol_l.isra.0
                0x0800a154       0xf4 C:/ST/STM32CubeIDE_1.19.0/STM32CubeIDE/plugins/com.st.stm32cube.ide.mcu.externaltools.gnu-tools-for-stm32.13.3.rel1.win32_1.0.0.202411081344/tools/bin/../lib/gcc/arm-none-eabi/13.3.1/../../../../arm-none-eabi/lib/thumb/v7e-m+fp/hard\libc_nano.a(libc_a-strtol.o)
 .text.strtol   0x0800a248       0x14 C:/ST/STM32CubeIDE_1.19.0/STM32CubeIDE/plugins/com.st.stm32cube.ide.mcu.externaltools.gnu-tools-for-stm32.13.3.rel1.win32_1.0.0.202411081344/tools/bin/../lib/gcc/arm-none-eabi/13.3.1/../../../../arm-none-eabi/lib/thumb/v7e-m+fp/hard\libc_nano.a(libc_a-strtol.o)
                0x0800a248                strtol
 .text.snprintf
                0x0800a25c       0x6c C:/ST/STM32CubeIDE_1.19.0/STM32CubeIDE/plugins/com.st.stm32cube.ide.mcu.externaltools.gnu-tools-for-stm32.13.3.rel1.win32_1.0.0.202411081344/tools/bin/../lib/gcc/arm-none-eabi/13.3.1/../../../../arm-none-eabi/lib/thumb/v7e-m+fp/hard\libc_nano.a(libc_a-snprintf.o)
                0x0800a25c                sniprintf
                0x0800a25c                snprintf
 .text.sprintf  0x0800a2c8       0x44 C:/ST/STM32CubeIDE_1.19.0/STM32CubeIDE/plugins/com.st.stm32cube.ide.mcu.externaltools.gnu-tools-for-stm32.13.3.rel1.win32_1.0.0.202411081344/tools/bin/../lib/gcc/arm-none-eabi/13.3.1/../../../../arm-none-eabi/lib/thumb/v7e-m+fp/hard\libc_nano.a(libc_a-sprintf.o)
                0x0800a2c8                siprintf
                0x0800a2c8                sprintf
 .text.memset   0x0800a30c       0x10 C:/ST/STM32CubeIDE_1.19.0/STM32CubeIDE/plugins/com.st.stm32cube.ide.mcu.externaltools.gnu-tools-for-stm32.13.3.rel1.win32_1.0.0.202411081344/tools/bin/../lib/gcc/arm-none-eabi/13.3.1/../../../../arm-none-eabi/lib/thumb/v7e-m+fp/hard\libc_nano.a(libc_a-memset.o)
                0x0800a30c                memset
 .text.strncpy  0x0800a31c       0x26 C:/ST/STM32CubeIDE_1.19.0/STM32CubeIDE/plugins/com.st.stm32cube.ide.mcu.externaltools.gnu-tools-for-stm32.13.3.rel1.win32_1.0.0.202411081344/tools/bin/../lib/gcc/arm-none-eabi/13.3.1/../../../../arm-none-eabi/lib/thumb/v7e-m+fp/hard\libc_nano.a(libc_a-strncpy.o)
                0x0800a31c                strncpy
 *fill*         0x0800a342        0x2 
 .text.__errno  0x0800a344        0xc C:/ST/STM32CubeIDE_1.19.0/STM32CubeIDE/plugins/com.st.stm32cube.ide.mcu.externaltools.gnu-tools-for-stm32.13.3.rel1.win32_1.0.0.202411081344/tools/bin/../lib/gcc/arm-none-eabi/13.3.1/../../../../arm-none-eabi/lib/thumb/v7e-m+fp/hard\libc_nano.a(libc_a-errno.o)
                0x0800a344                __errno
 .text.__libc_init_array
                0x0800a350       0x48 C:/ST/STM32CubeIDE_1.19.0/STM32CubeIDE/plugins/com.st.stm32cube.ide.mcu.externaltools.gnu-tools-for-stm32.13.3.rel1.win32_1.0.0.202411081344/tools/bin/../lib/gcc/arm-none-eabi/13.3.1/../../../../arm-none-eabi/lib/thumb/v7e-m+fp/hard\libc_nano.a(libc_a-init.o)
                0x0800a350                __libc_init_array
 .text.__retarget_lock_acquire_recursive
                0x0800a398        0x2 C:/ST/STM32CubeIDE_1.19.0/STM32CubeIDE/plugins/com.st.stm32cube.ide.mcu.externaltools.gnu-tools-for-stm32.13.3.rel1.win32_1.0.0.202411081344/tools/bin/../lib/gcc/arm-none-eabi/13.3.1/../../../../arm-none-eabi/lib/thumb/v7e-m+fp/hard\libc_nano.a(libc_a-lock.o)
                0x0800a398                __retarget_lock_acquire_recursive
 .text.__retarget_lock_release_recursive
                0x0800a39a        0x2 C:/ST/STM32CubeIDE_1.19.0/STM32CubeIDE/plugins/com.st.stm32cube.ide.mcu.externaltools.gnu-tools-for-stm32.13.3.rel1.win32_1.0.0.202411081344/tools/bin/../lib/gcc/arm-none-eabi/13.3.1/../../../../arm-none-eabi/lib/thumb/v7e-m+fp/hard\libc_nano.a(libc_a-lock.o)
                0x0800a39a                __retarget_lock_release_recursive
 .text.memcpy   0x0800a39c       0x1c C:/ST/STM32CubeIDE_1.19.0/STM32CubeIDE/plugins/com.st.stm32cube.ide.mcu.externaltools.gnu-tools-for-stm32.13.3.rel1.win32_1.0.0.202411081344/tools/bin/../lib/gcc/arm-none-eabi/13.3.1/../../../../arm-none-eabi/lib/thumb/v7e-m+fp/hard\libc_nano.a(libc_a-memcpy-stub.o)
                0x0800a39c                memcpy
 .text._free_r  0x0800a3b8       0x94 C:/ST/STM32CubeIDE_1.19.0/STM32CubeIDE/plugins/com.st.stm32cube.ide.mcu.externaltools.gnu-tools-for-stm32.13.3.rel1.win32_1.0.0.202411081344/tools/bin/../lib/gcc/arm-none-eabi/13.3.1/../../../../arm-none-eabi/lib/thumb/v7e-m+fp/hard\libc_nano.a(libc_a-freer.o)
                0x0800a3b8                _free_r
 .text.sbrk_aligned
                0x0800a44c       0x44 C:/ST/STM32CubeIDE_1.19.0/STM32CubeIDE/plugins/com.st.stm32cube.ide.mcu.externaltools.gnu-tools-for-stm32.13.3.rel1.win32_1.0.0.202411081344/tools/bin/../lib/gcc/arm-none-eabi/13.3.1/../../../../arm-none-eabi/lib/thumb/v7e-m+fp/hard\libc_nano.a(libc_a-mallocr.o)
 .text._malloc_r
                0x0800a490      0x100 C:/ST/STM32CubeIDE_1.19.0/STM32CubeIDE/plugins/com.st.stm32cube.ide.mcu.externaltools.gnu-tools-for-stm32.13.3.rel1.win32_1.0.0.202411081344/tools/bin/../lib/gcc/arm-none-eabi/13.3.1/../../../../arm-none-eabi/lib/thumb/v7e-m+fp/hard\libc_nano.a(libc_a-mallocr.o)
                0x0800a490                _malloc_r
 .text.__malloc_lock
                0x0800a590        0xc C:/ST/STM32CubeIDE_1.19.0/STM32CubeIDE/plugins/com.st.stm32cube.ide.mcu.externaltools.gnu-tools-for-stm32.13.3.rel1.win32_1.0.0.202411081344/tools/bin/../lib/gcc/arm-none-eabi/13.3.1/../../../../arm-none-eabi/lib/thumb/v7e-m+fp/hard\libc_nano.a(libc_a-mlock.o)
                0x0800a590                __malloc_lock
 .text.__malloc_unlock
                0x0800a59c        0xc C:/ST/STM32CubeIDE_1.19.0/STM32CubeIDE/plugins/com.st.stm32cube.ide.mcu.externaltools.gnu-tools-for-stm32.13.3.rel1.win32_1.0.0.202411081344/tools/bin/../lib/gcc/arm-none-eabi/13.3.1/../../../../arm-none-eabi/lib/thumb/v7e-m+fp/hard\libc_nano.a(libc_a-mlock.o)
                0x0800a59c                __malloc_unlock
 .text.__ssputs_r
                0x0800a5a8       0xb6 C:/ST/STM32CubeIDE_1.19.0/STM32CubeIDE/plugins/com.st.stm32cube.ide.mcu.externaltools.gnu-tools-for-stm32.13.3.rel1.win32_1.0.0.202411081344/tools/bin/../lib/gcc/arm-none-eabi/13.3.1/../../../../arm-none-eabi/lib/thumb/v7e-m+fp/hard\libc_nano.a(libc_a-nano-svfprintf.o)
                0x0800a5a8                __ssputs_r
 *fill*         0x0800a65e        0x2 
 .text._svfprintf_r
                0x0800a660      0x1f8 C:/ST/STM32CubeIDE_1.19.0/STM32CubeIDE/plugins/com.st.stm32cube.ide.mcu.externaltools.gnu-tools-for-stm32.13.3.rel1.win32_1.0.0.202411081344/tools/bin/../lib/gcc/arm-none-eabi/13.3.1/../../../../arm-none-eabi/lib/thumb/v7e-m+fp/hard\libc_nano.a(libc_a-nano-svfprintf.o)
                0x0800a660                _svfiprintf_r
                0x0800a660                _svfprintf_r
 .text._printf_common
                0x0800a858       0xda C:/ST/STM32CubeIDE_1.19.0/STM32CubeIDE/plugins/com.st.stm32cube.ide.mcu.externaltools.gnu-tools-for-stm32.13.3.rel1.win32_1.0.0.202411081344/tools/bin/../lib/gcc/arm-none-eabi/13.3.1/../../../../arm-none-eabi/lib/thumb/v7e-m+fp/hard\libc_nano.a(libc_a-nano-vfprintf_i.o)
                0x0800a858                _printf_common
 *fill*         0x0800a932        0x2 
 .text._printf_i
                0x0800a934      0x23c C:/ST/STM32CubeIDE_1.19.0/STM32CubeIDE/plugins/com.st.stm32cube.ide.mcu.externaltools.gnu-tools-for-stm32.13.3.rel1.win32_1.0.0.202411081344/tools/bin/../lib/gcc/arm-none-eabi/13.3.1/../../../../arm-none-eabi/lib/thumb/v7e-m+fp/hard\libc_nano.a(libc_a-nano-vfprintf_i.o)
                0x0800a934                _printf_i
 .text.memmove  0x0800ab70       0x34 C:/ST/STM32CubeIDE_1.19.0/STM32CubeIDE/plugins/com.st.stm32cube.ide.mcu.externaltools.gnu-tools-for-stm32.13.3.rel1.win32_1.0.0.202411081344/tools/bin/../lib/gcc/arm-none-eabi/13.3.1/../../../../arm-none-eabi/lib/thumb/v7e-m+fp/hard\libc_nano.a(libc_a-memmove.o)
                0x0800ab70                memmove
 .text._sbrk_r  0x0800aba4       0x20 C:/ST/STM32CubeIDE_1.19.0/STM32CubeIDE/plugins/com.st.stm32cube.ide.mcu.externaltools.gnu-tools-for-stm32.13.3.rel1.win32_1.0.0.202411081344/tools/bin/../lib/gcc/arm-none-eabi/13.3.1/../../../../arm-none-eabi/lib/thumb/v7e-m+fp/hard\libc_nano.a(libc_a-sbrkr.o)
                0x0800aba4                _sbrk_r
 .text._realloc_r
                0x0800abc4       0x5c C:/ST/STM32CubeIDE_1.19.0/STM32CubeIDE/plugins/com.st.stm32cube.ide.mcu.externaltools.gnu-tools-for-stm32.13.3.rel1.win32_1.0.0.202411081344/tools/bin/../lib/gcc/arm-none-eabi/13.3.1/../../../../arm-none-eabi/lib/thumb/v7e-m+fp/hard\libc_nano.a(libc_a-reallocr.o)
                0x0800abc4                _realloc_r
 .text._malloc_usable_size_r
                0x0800ac20       0x10 C:/ST/STM32CubeIDE_1.19.0/STM32CubeIDE/plugins/com.st.stm32cube.ide.mcu.externaltools.gnu-tools-for-stm32.13.3.rel1.win32_1.0.0.202411081344/tools/bin/../lib/gcc/arm-none-eabi/13.3.1/../../../../arm-none-eabi/lib/thumb/v7e-m+fp/hard\libc_nano.a(libc_a-msizer.o)
                0x0800ac20                _malloc_usable_size_r
 *(.glue_7)
 .glue_7        0x0800ac30        0x0 linker stubs
 *(.glue_7t)
 .glue_7t       0x0800ac30        0x0 linker stubs
 *(.eh_frame)
 .eh_frame      0x0800ac30        0x0 C:/ST/STM32CubeIDE_1.19.0/STM32CubeIDE/plugins/com.st.stm32cube.ide.mcu.externaltools.gnu-tools-for-stm32.13.3.rel1.win32_1.0.0.202411081344/tools/bin/../lib/gcc/arm-none-eabi/13.3.1/thumb/v7e-m+fp/hard/crtbegin.o
 *(.init)
 .init          0x0800ac30        0x4 C:/ST/STM32CubeIDE_1.19.0/STM32CubeIDE/plugins/com.st.stm32cube.ide.mcu.externaltools.gnu-tools-for-stm32.13.3.rel1.win32_1.0.0.202411081344/tools/bin/../lib/gcc/arm-none-eabi/13.3.1/thumb/v7e-m+fp/hard/crti.o
                0x0800ac30                _init
 .init          0x0800ac34        0x8 C:/ST/STM32CubeIDE_1.19.0/STM32CubeIDE/plugins/com.st.stm32cube.ide.mcu.externaltools.gnu-tools-for-stm32.13.3.rel1.win32_1.0.0.202411081344/tools/bin/../lib/gcc/arm-none-eabi/13.3.1/thumb/v7e-m+fp/hard/crtn.o
 *(.fini)
 .fini          0x0800ac3c        0x4 C:/ST/STM32CubeIDE_1.19.0/STM32CubeIDE/plugins/com.st.stm32cube.ide.mcu.externaltools.gnu-tools-for-stm32.13.3.rel1.win32_1.0.0.202411081344/tools/bin/../lib/gcc/arm-none-eabi/13.3.1/thumb/v7e-m+fp/hard/crti.o
                0x0800ac3c                _fini
 .fini          0x0800ac40        0x8 C:/ST/STM32CubeIDE_1.19.0/STM32CubeIDE/plugins/com.st.stm32cube.ide.mcu.externaltools.gnu-tools-for-stm32.13.3.rel1.win32_1.0.0.202411081344/tools/bin/../lib/gcc/arm-none-eabi/13.3.1/thumb/v7e-m+fp/hard/crtn.o
                0x0800ac48                        . = ALIGN (0x4)
                0x0800ac48                        _etext = .

.vfp11_veneer   0x0800ac48        0x0
 .vfp11_veneer  0x0800ac48        0x0 linker stubs

.v4_bx          0x0800ac48        0x0
 .v4_bx         0x0800ac48        0x0 linker stubs

.iplt           0x0800ac48        0x0
 .iplt          0x0800ac48        0x0 C:/ST/STM32CubeIDE_1.19.0/STM32CubeIDE/plugins/com.st.stm32cube.ide.mcu.externaltools.gnu-tools-for-stm32.13.3.rel1.win32_1.0.0.202411081344/tools/bin/../lib/gcc/arm-none-eabi/13.3.1/thumb/v7e-m+fp/hard/crtbegin.o

.rodata         0x0800ac48    0x1af8c
                0x0800ac48                        . = ALIGN (0x4)
 *(.rodata)
 .rodata        0x0800ac48      0x1e8 ./Core/Src/main.o
 *(.rodata*)
 .rodata.ringtone_raw
                0x0800ae30    0x1ac00 ./Core/Src/main.o
                0x0800ae30                ringtone_raw
 .rodata.AHBPrescTable
                0x08025a30       0x10 ./Core/Src/system_stm32l4xx.o
                0x08025a30                AHBPrescTable
 .rodata.APBPrescTable
                0x08025a40        0x8 ./Core/Src/system_stm32l4xx.o
                0x08025a40                APBPrescTable
 .rodata.MSIRangeTable
                0x08025a48       0x30 ./Core/Src/system_stm32l4xx.o
                0x08025a48                MSIRangeTable
 .rodata.UARTPrescTable
                0x08025a78       0x18 ./Drivers/STM32L4xx_HAL_Driver/stm32l4xx_hal_uart.o
                0x08025a78                UARTPrescTable
 .rodata.numerator.1
                0x08025a90        0x8 ./Drivers/STM32L4xx_HAL_Driver/stm32l4xx_hal_uart_ex.o
 .rodata.denominator.0
                0x08025a98        0x8 ./Drivers/STM32L4xx_HAL_Driver/stm32l4xx_hal_uart_ex.o
 .rodata._ctype_
                0x08025aa0      0x101 C:/ST/STM32CubeIDE_1.19.0/STM32CubeIDE/plugins/com.st.stm32cube.ide.mcu.externaltools.gnu-tools-for-stm32.13.3.rel1.win32_1.0.0.202411081344/tools/bin/../lib/gcc/arm-none-eabi/13.3.1/../../../../arm-none-eabi/lib/thumb/v7e-m+fp/hard\libc_nano.a(libc_a-ctype_.o)
                0x08025aa0                _ctype_
 .rodata._svfprintf_r.str1.1
                0x08025ba1       0x33 C:/ST/STM32CubeIDE_1.19.0/STM32CubeIDE/plugins/com.st.stm32cube.ide.mcu.externaltools.gnu-tools-for-stm32.13.3.rel1.win32_1.0.0.202411081344/tools/bin/../lib/gcc/arm-none-eabi/13.3.1/../../../../arm-none-eabi/lib/thumb/v7e-m+fp/hard\libc_nano.a(libc_a-nano-svfprintf.o)
                                 0x11 (size before relaxing)
 .rodata._printf_i.str1.1
                0x08025bd4       0x22 C:/ST/STM32CubeIDE_1.19.0/STM32CubeIDE/plugins/com.st.stm32cube.ide.mcu.externaltools.gnu-tools-for-stm32.13.3.rel1.win32_1.0.0.202411081344/tools/bin/../lib/gcc/arm-none-eabi/13.3.1/../../../../arm-none-eabi/lib/thumb/v7e-m+fp/hard\libc_nano.a(libc_a-nano-vfprintf_i.o)
                0x08025bf8                        . = ALIGN (0x4)

.ARM.extab      0x08025bd4        0x0
                0x08025bd4                        . = ALIGN (0x4)
 *(.ARM.extab* .gnu.linkonce.armextab.*)
                0x08025bd4                        . = ALIGN (0x4)

.ARM            0x08025bd4        0x8
                0x08025bd4                        . = ALIGN (0x4)
                0x08025bd4                        __exidx_start = .
 *(.ARM.exidx*)
 .ARM.exidx     0x08025bd4        0x8 C:/ST/STM32CubeIDE_1.19.0/STM32CubeIDE/plugins/com.st.stm32cube.ide.mcu.externaltools.gnu-tools-for-stm32.13.3.rel1.win32_1.0.0.202411081344/tools/bin/../lib/gcc/arm-none-eabi/13.3.1/../../../../arm-none-eabi/lib/thumb/v7e-m+fp/hard\libc_nano.a(libc_a-strlen.o)
 .ARM.exidx     0x08025bdc        0x0 C:/ST/STM32CubeIDE_1.19.0/STM32CubeIDE/plugins/com.st.stm32cube.ide.mcu.externaltools.gnu-tools-for-stm32.13.3.rel1.win32_1.0.0.202411081344/tools/bin/../lib/gcc/arm-none-eabi/13.3.1/../../../../arm-none-eabi/lib/thumb/v7e-m+fp/hard\libc_nano.a(libc_a-memchr.o)
                                  0x8 (size before relaxing)
 .ARM.exidx     0x08025bdc        0x0 C:/ST/STM32CubeIDE_1.19.0/STM32CubeIDE/plugins/com.st.stm32cube.ide.mcu.externaltools.gnu-tools-for-stm32.13.3.rel1.win32_1.0.0.202411081344/tools/bin/../lib/gcc/arm-none-eabi/13.3.1/thumb/v7e-m+fp/hard\libgcc.a(_udivmoddi4.o)
                                  0x8 (size before relaxing)
                0x08025bdc                        __exidx_end = .
                0x08025bdc                        . = ALIGN (0x4)

.preinit_array  0x08025bdc        0x0
                0x08025bdc                        . = ALIGN (0x4)
                0x08025bdc                        PROVIDE (__preinit_array_start = .)
 *(.preinit_array*)
                0x08025bdc                        PROVIDE (__preinit_array_end = .)
                0x08025bdc                        . = ALIGN (0x4)

.init_array     0x08025bdc        0x4
                0x08025bdc                        . = ALIGN (0x4)
                0x08025bdc                        PROVIDE (__init_array_start = .)
 *(SORT_BY_NAME(.init_array.*))
 *(.init_array*)
 .init_array    0x08025bdc        0x4 C:/ST/STM32CubeIDE_1.19.0/STM32CubeIDE/plugins/com.st.stm32cube.ide.mcu.externaltools.gnu-tools-for-stm32.13.3.rel1.win32_1.0.0.202411081344/tools/bin/../lib/gcc/arm-none-eabi/13.3.1/thumb/v7e-m+fp/hard/crtbegin.o
                0x08025be0                        PROVIDE (__init_array_end = .)
                0x08025be0                        . = ALIGN (0x4)

.fini_array     0x08025be0        0x4
                0x08025be0                        . = ALIGN (0x4)
                [!provide]                        PROVIDE (__fini_array_start = .)
 *(SORT_BY_NAME(.fini_array.*))
 *(.fini_array*)
 .fini_array    0x08025be0        0x4 C:/ST/STM32CubeIDE_1.19.0/STM32CubeIDE/plugins/com.st.stm32cube.ide.mcu.externaltools.gnu-tools-for-stm32.13.3.rel1.win32_1.0.0.202411081344/tools/bin/../lib/gcc/arm-none-eabi/13.3.1/thumb/v7e-m+fp/hard/crtbegin.o
                [!provide]                        PROVIDE (__fini_array_end = .)
                0x08025be4                        . = ALIGN (0x4)
                0x08025be4                        _sidata = LOADADDR (.data)

.rel.dyn        0x08025be4        0x0
 .rel.iplt      0x08025be4        0x0 C:/ST/STM32CubeIDE_1.19.0/STM32CubeIDE/plugins/com.st.stm32cube.ide.mcu.externaltools.gnu-tools-for-stm32.13.3.rel1.win32_1.0.0.202411081344/tools/bin/../lib/gcc/arm-none-eabi/13.3.1/thumb/v7e-m+fp/hard/crtbegin.o

.data           0x20000000       0x80 load address 0x08025be4
                0x20000000                        . = ALIGN (0x4)
                0x20000000                        _sdata = .
 *(.data)
 *(.data*)
 .data.HTS221_H_Drv
                0x20000000        0xc ./Core/Components/hts221/hts221.o
                0x20000000                HTS221_H_Drv
 .data.HTS221_T_Drv
                0x2000000c       0x10 ./Core/Components/hts221/hts221.o
                0x2000000c                HTS221_T_Drv
 .data.city     0x2000001c        0x4 ./Core/Src/main.o
                0x2000001c                city
 .data.clock_triggered
                0x20000020        0x1 ./Core/Src/main.o
                0x20000020                clock_triggered
 *fill*         0x20000021        0x3 
 .data.SystemCoreClock
                0x20000024        0x4 ./Core/Src/system_stm32l4xx.o
                0x20000024                SystemCoreClock
 .data.uwTickPrio
                0x20000028        0x4 ./Drivers/STM32L4xx_HAL_Driver/stm32l4xx_hal.o
                0x20000028                uwTickPrio
 .data.uwTickFreq
                0x2000002c        0x1 ./Drivers/STM32L4xx_HAL_Driver/stm32l4xx_hal.o
                0x2000002c                uwTickFreq
 *fill*         0x2000002d        0x3 
 .data._impure_ptr
                0x20000030        0x4 C:/ST/STM32CubeIDE_1.19.0/STM32CubeIDE/plugins/com.st.stm32cube.ide.mcu.externaltools.gnu-tools-for-stm32.13.3.rel1.win32_1.0.0.202411081344/tools/bin/../lib/gcc/arm-none-eabi/13.3.1/../../../../arm-none-eabi/lib/thumb/v7e-m+fp/hard\libc_nano.a(libc_a-impure.o)
                0x20000030                _impure_ptr
 .data._impure_data
                0x20000034       0x4c C:/ST/STM32CubeIDE_1.19.0/STM32CubeIDE/plugins/com.st.stm32cube.ide.mcu.externaltools.gnu-tools-for-stm32.13.3.rel1.win32_1.0.0.202411081344/tools/bin/../lib/gcc/arm-none-eabi/13.3.1/../../../../arm-none-eabi/lib/thumb/v7e-m+fp/hard\libc_nano.a(libc_a-impure.o)
                0x20000034                _impure_data
 *(.RamFunc)
 *(.RamFunc*)
                0x20000080                        . = ALIGN (0x4)
                0x20000080                        _edata = .

.igot.plt       0x20000080        0x0 load address 0x08025c64
 .igot.plt      0x20000080        0x0 C:/ST/STM32CubeIDE_1.19.0/STM32CubeIDE/plugins/com.st.stm32cube.ide.mcu.externaltools.gnu-tools-for-stm32.13.3.rel1.win32_1.0.0.202411081344/tools/bin/../lib/gcc/arm-none-eabi/13.3.1/thumb/v7e-m+fp/hard/crtbegin.o
                0x20000080                        . = ALIGN (0x4)

.bss            0x20000080      0xe40 load address 0x08025c64
                0x20000080                        _sbss = .
                0x20000080                        __bss_start__ = _sbss
 *(.bss)
 .bss           0x20000080       0x1c C:/ST/STM32CubeIDE_1.19.0/STM32CubeIDE/plugins/com.st.stm32cube.ide.mcu.externaltools.gnu-tools-for-stm32.13.3.rel1.win32_1.0.0.202411081344/tools/bin/../lib/gcc/arm-none-eabi/13.3.1/thumb/v7e-m+fp/hard/crtbegin.o
 *(.bss*)
 .bss.audio_size
                0x2000009c        0x4 ./Core/Src/audio_player.o
 .bss.current_pos
                0x200000a0        0x4 ./Core/Src/audio_player.o
 .bss.buffer    0x200000a4      0x800 ./Core/Src/audio_player.o
 .bss.playing   0x200008a4        0x1 ./Core/Src/audio_player.o
 *fill*         0x200008a5        0x3 
 .bss.buf_idx   0x200008a8        0x4 ./Core/Src/audio_player.o
 .bss.buf_size  0x200008ac        0x4 ./Core/Src/audio_player.o
 .bss.hdac1     0x200008b0       0x14 ./Core/Src/main.o
                0x200008b0                hdac1
 .bss.hi2c1     0x200008c4       0x54 ./Core/Src/main.o
                0x200008c4                hi2c1
 .bss.hlptim1   0x20000918       0x38 ./Core/Src/main.o
                0x20000918                hlptim1
 .bss.hospi1    0x20000950       0x50 ./Core/Src/main.o
                0x20000950                hospi1
 .bss.hrtc      0x200009a0       0x24 ./Core/Src/main.o
                0x200009a0                hrtc
 .bss.htim6     0x200009c4       0x4c ./Core/Src/main.o
                0x200009c4                htim6
 .bss.htim7     0x20000a10       0x4c ./Core/Src/main.o
                0x20000a10                htim7
 .bss.htim16    0x20000a5c       0x4c ./Core/Src/main.o
                0x20000a5c                htim16
 .bss.huart1    0x20000aa8       0x94 ./Core/Src/main.o
                0x20000aa8                huart1
 .bss.audio_ready
                0x20000b3c        0x1 ./Core/Src/main.o
 *fill*         0x20000b3d        0x3 
 .bss.state     0x20000b40        0x4 ./Core/Src/main.o
                0x20000b40                state
 .bss.uart_byte
                0x20000b44        0x1 ./Core/Src/main.o
                0x20000b44                uart_byte
 *fill*         0x20000b45        0x3 
 .bss.char_buffer
                0x20000b48       0x40 ./Core/Src/main.o
                0x20000b48                char_buffer
 .bss.city_buffer
                0x20000b88       0x40 ./Core/Src/main.o
                0x20000b88                city_buffer
 .bss.timer_buffer
                0x20000bc8       0x40 ./Core/Src/main.o
                0x20000bc8                timer_buffer
 .bss.duration_buffer
                0x20000c08       0x40 ./Core/Src/main.o
                0x20000c08                duration_buffer
 .bss.rx_index  0x20000c48        0x2 ./Core/Src/main.o
                0x20000c48                rx_index
 .bss.line_ready
                0x20000c4a        0x1 ./Core/Src/main.o
                0x20000c4a                line_ready
 .bss.clock_state
                0x20000c4b        0x1 ./Core/Src/main.o
                0x20000c4b                clock_state
 .bss.prompt_printed
                0x20000c4c        0x1 ./Core/Src/main.o
                0x20000c4c                prompt_printed
 *fill*         0x20000c4d        0x3 
 .bss.snoozeCounter
                0x20000c50        0x4 ./Core/Src/main.o
                0x20000c50                snoozeCounter
 .bss.alarmDurationCounter
                0x20000c54        0x4 ./Core/Src/main.o
                0x20000c54                alarmDurationCounter
 .bss.currentMin
                0x20000c58        0x4 ./Core/Src/main.o
                0x20000c58                currentMin
 .bss.currentHour
                0x20000c5c        0x4 ./Core/Src/main.o
                0x20000c5c                currentHour
 .bss.alarmMin  0x20000c60        0x4 ./Core/Src/main.o
                0x20000c60                alarmMin
 .bss.alarmHour
                0x20000c64        0x4 ./Core/Src/main.o
                0x20000c64                alarmHour
 .bss.valid_input
                0x20000c68        0x4 ./Core/Src/main.o
                0x20000c68                valid_input
 .bss.alreadyDisplaying
                0x20000c6c        0x1 ./Core/Src/main.o
                0x20000c6c                alreadyDisplaying
 .bss.stateChanged
                0x20000c6d        0x1 ./Core/Src/main.o
                0x20000c6d                stateChanged
 *fill*         0x20000c6e        0x2 
 .bss.inputTime
                0x20000c70       0x14 ./Core/Src/main.o
                0x20000c70                inputTime
 .bss.currentTime
                0x20000c84       0x14 ./Core/Src/main.o
                0x20000c84                currentTime
 .bss.inputAlarm
                0x20000c98       0x2c ./Core/Src/main.o
                0x20000c98                inputAlarm
 .bss.hI2cHandler
                0x20000cc4       0x54 ./Core/Src/stm32l4s5i_iot01.o
                0x20000cc4                hI2cHandler
 .bss.Hsensor_drv
                0x20000d18        0x4 ./Core/Src/stm32l4s5i_iot01_hsensor.o
 .bss.OSPIHandle
                0x20000d1c       0x50 ./Core/Src/stm32l4s5i_iot01_qspi.o
                0x20000d1c                OSPIHandle
 .bss.tsensor_drv
                0x20000d6c        0x4 ./Core/Src/stm32l4s5i_iot01_tsensor.o
 .bss.__sbrk_heap_end
                0x20000d70        0x4 ./Core/Src/sysmem.o
 .bss.uwTick    0x20000d74        0x4 ./Drivers/STM32L4xx_HAL_Driver/stm32l4xx_hal.o
                0x20000d74                uwTick
 .bss.__sf      0x20000d78      0x138 C:/ST/STM32CubeIDE_1.19.0/STM32CubeIDE/plugins/com.st.stm32cube.ide.mcu.externaltools.gnu-tools-for-stm32.13.3.rel1.win32_1.0.0.202411081344/tools/bin/../lib/gcc/arm-none-eabi/13.3.1/../../../../arm-none-eabi/lib/thumb/v7e-m+fp/hard\libc_nano.a(libc_a-findfp.o)
                0x20000d78                __sf
 .bss.errno     0x20000eb0        0x4 C:/ST/STM32CubeIDE_1.19.0/STM32CubeIDE/plugins/com.st.stm32cube.ide.mcu.externaltools.gnu-tools-for-stm32.13.3.rel1.win32_1.0.0.202411081344/tools/bin/../lib/gcc/arm-none-eabi/13.3.1/../../../../arm-none-eabi/lib/thumb/v7e-m+fp/hard\libc_nano.a(libc_a-reent.o)
                0x20000eb0                errno
 .bss.__lock___malloc_recursive_mutex
                0x20000eb4        0x1 C:/ST/STM32CubeIDE_1.19.0/STM32CubeIDE/plugins/com.st.stm32cube.ide.mcu.externaltools.gnu-tools-for-stm32.13.3.rel1.win32_1.0.0.202411081344/tools/bin/../lib/gcc/arm-none-eabi/13.3.1/../../../../arm-none-eabi/lib/thumb/v7e-m+fp/hard\libc_nano.a(libc_a-lock.o)
                0x20000eb4                __lock___malloc_recursive_mutex
 *fill*         0x20000eb5        0x3 
 .bss.__malloc_sbrk_start
                0x20000eb8        0x4 C:/ST/STM32CubeIDE_1.19.0/STM32CubeIDE/plugins/com.st.stm32cube.ide.mcu.externaltools.gnu-tools-for-stm32.13.3.rel1.win32_1.0.0.202411081344/tools/bin/../lib/gcc/arm-none-eabi/13.3.1/../../../../arm-none-eabi/lib/thumb/v7e-m+fp/hard\libc_nano.a(libc_a-mallocr.o)
                0x20000eb8                __malloc_sbrk_start
 .bss.__malloc_free_list
                0x20000ebc        0x4 C:/ST/STM32CubeIDE_1.19.0/STM32CubeIDE/plugins/com.st.stm32cube.ide.mcu.externaltools.gnu-tools-for-stm32.13.3.rel1.win32_1.0.0.202411081344/tools/bin/../lib/gcc/arm-none-eabi/13.3.1/../../../../arm-none-eabi/lib/thumb/v7e-m+fp/hard\libc_nano.a(libc_a-mallocr.o)
                0x20000ebc                __malloc_free_list
 *(COMMON)
                0x20000ec0                        . = ALIGN (0x4)
                0x20000ec0                        _ebss = .
                0x20000ec0                        __bss_end__ = _ebss

._user_heap_stack
                0x20000ec0      0x600 load address 0x08025c64
                0x20000ec0                        . = ALIGN (0x8)
                [!provide]                        PROVIDE (end = .)
                0x20000ec0                        PROVIDE (_end = .)
                0x200010c0                        . = (. + _Min_Heap_Size)
 *fill*         0x20000ec0      0x200 
                0x200014c0                        . = (. + _Min_Stack_Size)
 *fill*         0x200010c0      0x400 
                0x200014c0                        . = ALIGN (0x8)

/DISCARD/
 libc.a(*)
 libm.a(*)
 libgcc.a(*)

.ARM.attributes
                0x00000000       0x30
 *(.ARM.attributes)
 .ARM.attributes
                0x00000000       0x22 C:/ST/STM32CubeIDE_1.19.0/STM32CubeIDE/plugins/com.st.stm32cube.ide.mcu.externaltools.gnu-tools-for-stm32.13.3.rel1.win32_1.0.0.202411081344/tools/bin/../lib/gcc/arm-none-eabi/13.3.1/thumb/v7e-m+fp/hard/crti.o
 .ARM.attributes
                0x00000022       0x34 C:/ST/STM32CubeIDE_1.19.0/STM32CubeIDE/plugins/com.st.stm32cube.ide.mcu.externaltools.gnu-tools-for-stm32.13.3.rel1.win32_1.0.0.202411081344/tools/bin/../lib/gcc/arm-none-eabi/13.3.1/thumb/v7e-m+fp/hard/crtbegin.o
 .ARM.attributes
                0x00000056       0x34 ./Core/Components/hts221/hts221.o
 .ARM.attributes
                0x0000008a       0x34 ./Core/Src/audio_player.o
 .ARM.attributes
                0x000000be       0x34 ./Core/Src/main.o
 .ARM.attributes
                0x000000f2       0x34 ./Core/Src/stm32l4s5i_iot01.o
 .ARM.attributes
                0x00000126       0x34 ./Core/Src/stm32l4s5i_iot01_hsensor.o
 .ARM.attributes
                0x0000015a       0x34 ./Core/Src/stm32l4s5i_iot01_qspi.o
 .ARM.attributes
                0x0000018e       0x34 ./Core/Src/stm32l4s5i_iot01_tsensor.o
 .ARM.attributes
                0x000001c2       0x34 ./Core/Src/stm32l4xx_hal_msp.o
 .ARM.attributes
                0x000001f6       0x34 ./Core/Src/stm32l4xx_it.o
 .ARM.attributes
                0x0000022a       0x34 ./Core/Src/sysmem.o
 .ARM.attributes
                0x0000025e       0x34 ./Core/Src/system_stm32l4xx.o
 .ARM.attributes
                0x00000292       0x21 ./Core/Startup/startup_stm32l4s5vitx.o
 .ARM.attributes
                0x000002b3       0x34 ./Drivers/STM32L4xx_HAL_Driver/stm32l4xx_hal.o
 .ARM.attributes
                0x000002e7       0x34 ./Drivers/STM32L4xx_HAL_Driver/stm32l4xx_hal_cortex.o
 .ARM.attributes
                0x0000031b       0x34 ./Drivers/STM32L4xx_HAL_Driver/stm32l4xx_hal_dac.o
 .ARM.attributes
                0x0000034f       0x34 ./Drivers/STM32L4xx_HAL_Driver/stm32l4xx_hal_dac_ex.o
 .ARM.attributes
                0x00000383       0x34 ./Drivers/STM32L4xx_HAL_Driver/stm32l4xx_hal_dma.o
 .ARM.attributes
                0x000003b7       0x34 ./Drivers/STM32L4xx_HAL_Driver/stm32l4xx_hal_gpio.o
 .ARM.attributes
                0x000003eb       0x34 ./Drivers/STM32L4xx_HAL_Driver/stm32l4xx_hal_i2c.o
 .ARM.attributes
                0x0000041f       0x34 ./Drivers/STM32L4xx_HAL_Driver/stm32l4xx_hal_i2c_ex.o
 .ARM.attributes
                0x00000453       0x34 ./Drivers/STM32L4xx_HAL_Driver/stm32l4xx_hal_lptim.o
 .ARM.attributes
                0x00000487       0x34 ./Drivers/STM32L4xx_HAL_Driver/stm32l4xx_hal_ospi.o
 .ARM.attributes
                0x000004bb       0x34 ./Drivers/STM32L4xx_HAL_Driver/stm32l4xx_hal_pwr_ex.o
 .ARM.attributes
                0x000004ef       0x34 ./Drivers/STM32L4xx_HAL_Driver/stm32l4xx_hal_rcc.o
 .ARM.attributes
                0x00000523       0x34 ./Drivers/STM32L4xx_HAL_Driver/stm32l4xx_hal_rcc_ex.o
 .ARM.attributes
                0x00000557       0x34 ./Drivers/STM32L4xx_HAL_Driver/stm32l4xx_hal_rtc.o
 .ARM.attributes
                0x0000058b       0x34 ./Drivers/STM32L4xx_HAL_Driver/stm32l4xx_hal_rtc_ex.o
 .ARM.attributes
                0x000005bf       0x34 ./Drivers/STM32L4xx_HAL_Driver/stm32l4xx_hal_tim.o
 .ARM.attributes
                0x000005f3       0x34 ./Drivers/STM32L4xx_HAL_Driver/stm32l4xx_hal_tim_ex.o
 .ARM.attributes
                0x00000627       0x34 ./Drivers/STM32L4xx_HAL_Driver/stm32l4xx_hal_uart.o
 .ARM.attributes
                0x0000065b       0x34 ./Drivers/STM32L4xx_HAL_Driver/stm32l4xx_hal_uart_ex.o
 .ARM.attributes
                0x0000068f       0x34 C:/ST/STM32CubeIDE_1.19.0/STM32CubeIDE/plugins/com.st.stm32cube.ide.mcu.externaltools.gnu-tools-for-stm32.13.3.rel1.win32_1.0.0.202411081344/tools/bin/../lib/gcc/arm-none-eabi/13.3.1/../../../../arm-none-eabi/lib/thumb/v7e-m+fp/hard\libc_nano.a(libc_a-strtol.o)
 .ARM.attributes
                0x000006c3       0x34 C:/ST/STM32CubeIDE_1.19.0/STM32CubeIDE/plugins/com.st.stm32cube.ide.mcu.externaltools.gnu-tools-for-stm32.13.3.rel1.win32_1.0.0.202411081344/tools/bin/../lib/gcc/arm-none-eabi/13.3.1/../../../../arm-none-eabi/lib/thumb/v7e-m+fp/hard\libc_nano.a(libc_a-ctype_.o)
 .ARM.attributes
                0x000006f7       0x34 C:/ST/STM32CubeIDE_1.19.0/STM32CubeIDE/plugins/com.st.stm32cube.ide.mcu.externaltools.gnu-tools-for-stm32.13.3.rel1.win32_1.0.0.202411081344/tools/bin/../lib/gcc/arm-none-eabi/13.3.1/../../../../arm-none-eabi/lib/thumb/v7e-m+fp/hard\libc_nano.a(libc_a-findfp.o)
 .ARM.attributes
                0x0000072b       0x34 C:/ST/STM32CubeIDE_1.19.0/STM32CubeIDE/plugins/com.st.stm32cube.ide.mcu.externaltools.gnu-tools-for-stm32.13.3.rel1.win32_1.0.0.202411081344/tools/bin/../lib/gcc/arm-none-eabi/13.3.1/../../../../arm-none-eabi/lib/thumb/v7e-m+fp/hard\libc_nano.a(libc_a-snprintf.o)
 .ARM.attributes
                0x0000075f       0x34 C:/ST/STM32CubeIDE_1.19.0/STM32CubeIDE/plugins/com.st.stm32cube.ide.mcu.externaltools.gnu-tools-for-stm32.13.3.rel1.win32_1.0.0.202411081344/tools/bin/../lib/gcc/arm-none-eabi/13.3.1/../../../../arm-none-eabi/lib/thumb/v7e-m+fp/hard\libc_nano.a(libc_a-sprintf.o)
 .ARM.attributes
                0x00000793       0x34 C:/ST/STM32CubeIDE_1.19.0/STM32CubeIDE/plugins/com.st.stm32cube.ide.mcu.externaltools.gnu-tools-for-stm32.13.3.rel1.win32_1.0.0.202411081344/tools/bin/../lib/gcc/arm-none-eabi/13.3.1/../../../../arm-none-eabi/lib/thumb/v7e-m+fp/hard\libc_nano.a(libc_a-memset.o)
 .ARM.attributes
                0x000007c7       0x34 C:/ST/STM32CubeIDE_1.19.0/STM32CubeIDE/plugins/com.st.stm32cube.ide.mcu.externaltools.gnu-tools-for-stm32.13.3.rel1.win32_1.0.0.202411081344/tools/bin/../lib/gcc/arm-none-eabi/13.3.1/../../../../arm-none-eabi/lib/thumb/v7e-m+fp/hard\libc_nano.a(libc_a-strncpy.o)
 .ARM.attributes
                0x000007fb       0x34 C:/ST/STM32CubeIDE_1.19.0/STM32CubeIDE/plugins/com.st.stm32cube.ide.mcu.externaltools.gnu-tools-for-stm32.13.3.rel1.win32_1.0.0.202411081344/tools/bin/../lib/gcc/arm-none-eabi/13.3.1/../../../../arm-none-eabi/lib/thumb/v7e-m+fp/hard\libc_nano.a(libc_a-reent.o)
 .ARM.attributes
                0x0000082f       0x34 C:/ST/STM32CubeIDE_1.19.0/STM32CubeIDE/plugins/com.st.stm32cube.ide.mcu.externaltools.gnu-tools-for-stm32.13.3.rel1.win32_1.0.0.202411081344/tools/bin/../lib/gcc/arm-none-eabi/13.3.1/../../../../arm-none-eabi/lib/thumb/v7e-m+fp/hard\libc_nano.a(libc_a-impure.o)
 .ARM.attributes
                0x00000863       0x34 C:/ST/STM32CubeIDE_1.19.0/STM32CubeIDE/plugins/com.st.stm32cube.ide.mcu.externaltools.gnu-tools-for-stm32.13.3.rel1.win32_1.0.0.202411081344/tools/bin/../lib/gcc/arm-none-eabi/13.3.1/../../../../arm-none-eabi/lib/thumb/v7e-m+fp/hard\libc_nano.a(libc_a-errno.o)
 .ARM.attributes
                0x00000897       0x34 C:/ST/STM32CubeIDE_1.19.0/STM32CubeIDE/plugins/com.st.stm32cube.ide.mcu.externaltools.gnu-tools-for-stm32.13.3.rel1.win32_1.0.0.202411081344/tools/bin/../lib/gcc/arm-none-eabi/13.3.1/../../../../arm-none-eabi/lib/thumb/v7e-m+fp/hard\libc_nano.a(libc_a-init.o)
 .ARM.attributes
                0x000008cb       0x34 C:/ST/STM32CubeIDE_1.19.0/STM32CubeIDE/plugins/com.st.stm32cube.ide.mcu.externaltools.gnu-tools-for-stm32.13.3.rel1.win32_1.0.0.202411081344/tools/bin/../lib/gcc/arm-none-eabi/13.3.1/../../../../arm-none-eabi/lib/thumb/v7e-m+fp/hard\libc_nano.a(libc_a-lock.o)
 .ARM.attributes
                0x000008ff       0x34 C:/ST/STM32CubeIDE_1.19.0/STM32CubeIDE/plugins/com.st.stm32cube.ide.mcu.externaltools.gnu-tools-for-stm32.13.3.rel1.win32_1.0.0.202411081344/tools/bin/../lib/gcc/arm-none-eabi/13.3.1/../../../../arm-none-eabi/lib/thumb/v7e-m+fp/hard\libc_nano.a(libc_a-memcpy-stub.o)
 .ARM.attributes
                0x00000933       0x17 C:/ST/STM32CubeIDE_1.19.0/STM32CubeIDE/plugins/com.st.stm32cube.ide.mcu.externaltools.gnu-tools-for-stm32.13.3.rel1.win32_1.0.0.202411081344/tools/bin/../lib/gcc/arm-none-eabi/13.3.1/../../../../arm-none-eabi/lib/thumb/v7e-m+fp/hard\libc_nano.a(libc_a-strlen.o)
 .ARM.attributes
                0x0000094a       0x34 C:/ST/STM32CubeIDE_1.19.0/STM32CubeIDE/plugins/com.st.stm32cube.ide.mcu.externaltools.gnu-tools-for-stm32.13.3.rel1.win32_1.0.0.202411081344/tools/bin/../lib/gcc/arm-none-eabi/13.3.1/../../../../arm-none-eabi/lib/thumb/v7e-m+fp/hard\libc_nano.a(libc_a-freer.o)
 .ARM.attributes
                0x0000097e       0x34 C:/ST/STM32CubeIDE_1.19.0/STM32CubeIDE/plugins/com.st.stm32cube.ide.mcu.externaltools.gnu-tools-for-stm32.13.3.rel1.win32_1.0.0.202411081344/tools/bin/../lib/gcc/arm-none-eabi/13.3.1/../../../../arm-none-eabi/lib/thumb/v7e-m+fp/hard\libc_nano.a(libc_a-mallocr.o)
 .ARM.attributes
                0x000009b2       0x34 C:/ST/STM32CubeIDE_1.19.0/STM32CubeIDE/plugins/com.st.stm32cube.ide.mcu.externaltools.gnu-tools-for-stm32.13.3.rel1.win32_1.0.0.202411081344/tools/bin/../lib/gcc/arm-none-eabi/13.3.1/../../../../arm-none-eabi/lib/thumb/v7e-m+fp/hard\libc_nano.a(libc_a-mlock.o)
 .ARM.attributes
                0x000009e6       0x34 C:/ST/STM32CubeIDE_1.19.0/STM32CubeIDE/plugins/com.st.stm32cube.ide.mcu.externaltools.gnu-tools-for-stm32.13.3.rel1.win32_1.0.0.202411081344/tools/bin/../lib/gcc/arm-none-eabi/13.3.1/../../../../arm-none-eabi/lib/thumb/v7e-m+fp/hard\libc_nano.a(libc_a-nano-svfprintf.o)
 .ARM.attributes
                0x00000a1a       0x34 C:/ST/STM32CubeIDE_1.19.0/STM32CubeIDE/plugins/com.st.stm32cube.ide.mcu.externaltools.gnu-tools-for-stm32.13.3.rel1.win32_1.0.0.202411081344/tools/bin/../lib/gcc/arm-none-eabi/13.3.1/../../../../arm-none-eabi/lib/thumb/v7e-m+fp/hard\libc_nano.a(libc_a-nano-vfprintf_i.o)
 .ARM.attributes
                0x00000a4e       0x34 C:/ST/STM32CubeIDE_1.19.0/STM32CubeIDE/plugins/com.st.stm32cube.ide.mcu.externaltools.gnu-tools-for-stm32.13.3.rel1.win32_1.0.0.202411081344/tools/bin/../lib/gcc/arm-none-eabi/13.3.1/../../../../arm-none-eabi/lib/thumb/v7e-m+fp/hard\libc_nano.a(libc_a-memmove.o)
 .ARM.attributes
                0x00000a82       0x34 C:/ST/STM32CubeIDE_1.19.0/STM32CubeIDE/plugins/com.st.stm32cube.ide.mcu.externaltools.gnu-tools-for-stm32.13.3.rel1.win32_1.0.0.202411081344/tools/bin/../lib/gcc/arm-none-eabi/13.3.1/../../../../arm-none-eabi/lib/thumb/v7e-m+fp/hard\libc_nano.a(libc_a-sbrkr.o)
 .ARM.attributes
                0x00000ab6       0x1c C:/ST/STM32CubeIDE_1.19.0/STM32CubeIDE/plugins/com.st.stm32cube.ide.mcu.externaltools.gnu-tools-for-stm32.13.3.rel1.win32_1.0.0.202411081344/tools/bin/../lib/gcc/arm-none-eabi/13.3.1/../../../../arm-none-eabi/lib/thumb/v7e-m+fp/hard\libc_nano.a(libc_a-memchr.o)
 .ARM.attributes
                0x00000ad2       0x34 C:/ST/STM32CubeIDE_1.19.0/STM32CubeIDE/plugins/com.st.stm32cube.ide.mcu.externaltools.gnu-tools-for-stm32.13.3.rel1.win32_1.0.0.202411081344/tools/bin/../lib/gcc/arm-none-eabi/13.3.1/../../../../arm-none-eabi/lib/thumb/v7e-m+fp/hard\libc_nano.a(libc_a-reallocr.o)
 .ARM.attributes
                0x00000b06       0x34 C:/ST/STM32CubeIDE_1.19.0/STM32CubeIDE/plugins/com.st.stm32cube.ide.mcu.externaltools.gnu-tools-for-stm32.13.3.rel1.win32_1.0.0.202411081344/tools/bin/../lib/gcc/arm-none-eabi/13.3.1/../../../../arm-none-eabi/lib/thumb/v7e-m+fp/hard\libc_nano.a(libc_a-msizer.o)
 .ARM.attributes
                0x00000b3a       0x22 C:/ST/STM32CubeIDE_1.19.0/STM32CubeIDE/plugins/com.st.stm32cube.ide.mcu.externaltools.gnu-tools-for-stm32.13.3.rel1.win32_1.0.0.202411081344/tools/bin/../lib/gcc/arm-none-eabi/13.3.1/thumb/v7e-m+fp/hard\libgcc.a(_aeabi_uldivmod.o)
 .ARM.attributes
                0x00000b5c       0x34 C:/ST/STM32CubeIDE_1.19.0/STM32CubeIDE/plugins/com.st.stm32cube.ide.mcu.externaltools.gnu-tools-for-stm32.13.3.rel1.win32_1.0.0.202411081344/tools/bin/../lib/gcc/arm-none-eabi/13.3.1/thumb/v7e-m+fp/hard\libgcc.a(_udivmoddi4.o)
 .ARM.attributes
                0x00000b90       0x22 C:/ST/STM32CubeIDE_1.19.0/STM32CubeIDE/plugins/com.st.stm32cube.ide.mcu.externaltools.gnu-tools-for-stm32.13.3.rel1.win32_1.0.0.202411081344/tools/bin/../lib/gcc/arm-none-eabi/13.3.1/thumb/v7e-m+fp/hard\libgcc.a(_dvmd_tls.o)
 .ARM.attributes
                0x00000bb2       0x22 C:/ST/STM32CubeIDE_1.19.0/STM32CubeIDE/plugins/com.st.stm32cube.ide.mcu.externaltools.gnu-tools-for-stm32.13.3.rel1.win32_1.0.0.202411081344/tools/bin/../lib/gcc/arm-none-eabi/13.3.1/thumb/v7e-m+fp/hard/crtn.o
OUTPUT(AlarmClock.elf elf32-littlearm)
LOAD linker stubs
LOAD C:/ST/STM32CubeIDE_1.19.0/STM32CubeIDE/plugins/com.st.stm32cube.ide.mcu.externaltools.gnu-tools-for-stm32.13.3.rel1.win32_1.0.0.202411081344/tools/bin/../lib/gcc/arm-none-eabi/13.3.1/../../../../arm-none-eabi/lib/thumb/v7e-m+fp/hard\libc.a
LOAD C:/ST/STM32CubeIDE_1.19.0/STM32CubeIDE/plugins/com.st.stm32cube.ide.mcu.externaltools.gnu-tools-for-stm32.13.3.rel1.win32_1.0.0.202411081344/tools/bin/../lib/gcc/arm-none-eabi/13.3.1/../../../../arm-none-eabi/lib/thumb/v7e-m+fp/hard\libm.a
LOAD C:/ST/STM32CubeIDE_1.19.0/STM32CubeIDE/plugins/com.st.stm32cube.ide.mcu.externaltools.gnu-tools-for-stm32.13.3.rel1.win32_1.0.0.202411081344/tools/bin/../lib/gcc/arm-none-eabi/13.3.1/thumb/v7e-m+fp/hard\libgcc.a

.debug_info     0x00000000    0x22de9
 .debug_info    0x00000000      0x4de ./Core/Components/hts221/hts221.o
 .debug_info    0x000004de      0xc2f ./Core/Src/audio_player.o
 .debug_info    0x0000110d     0x2f7e ./Core/Src/main.o
 .debug_info    0x0000408b     0x1cf8 ./Core/Src/stm32l4s5i_iot01.o
 .debug_info    0x00005d83      0x1c5 ./Core/Src/stm32l4s5i_iot01_hsensor.o
 .debug_info    0x00005f48     0x13e9 ./Core/Src/stm32l4s5i_iot01_qspi.o
 .debug_info    0x00007331      0x25e ./Core/Src/stm32l4s5i_iot01_tsensor.o
 .debug_info    0x0000758f     0x272d ./Core/Src/stm32l4xx_hal_msp.o
 .debug_info    0x00009cbc     0x1528 ./Core/Src/stm32l4xx_it.o
 .debug_info    0x0000b1e4      0x168 ./Core/Src/sysmem.o
 .debug_info    0x0000b34c      0x5e9 ./Core/Src/system_stm32l4xx.o
 .debug_info    0x0000b935       0x30 ./Core/Startup/startup_stm32l4s5vitx.o
 .debug_info    0x0000b965      0xb4f ./Drivers/STM32L4xx_HAL_Driver/stm32l4xx_hal.o
 .debug_info    0x0000c4b4      0xd9f ./Drivers/STM32L4xx_HAL_Driver/stm32l4xx_hal_cortex.o
 .debug_info    0x0000d253      0xbb9 ./Drivers/STM32L4xx_HAL_Driver/stm32l4xx_hal_dac.o
 .debug_info    0x0000de0c      0xa12 ./Drivers/STM32L4xx_HAL_Driver/stm32l4xx_hal_dac_ex.o
 .debug_info    0x0000e81e      0x841 ./Drivers/STM32L4xx_HAL_Driver/stm32l4xx_hal_dma.o
 .debug_info    0x0000f05f      0x787 ./Drivers/STM32L4xx_HAL_Driver/stm32l4xx_hal_gpio.o
 .debug_info    0x0000f7e6     0x21ea ./Drivers/STM32L4xx_HAL_Driver/stm32l4xx_hal_i2c.o
 .debug_info    0x000119d0      0xafd ./Drivers/STM32L4xx_HAL_Driver/stm32l4xx_hal_i2c_ex.o
 .debug_info    0x000124cd      0xf05 ./Drivers/STM32L4xx_HAL_Driver/stm32l4xx_hal_lptim.o
 .debug_info    0x000133d2     0x180d ./Drivers/STM32L4xx_HAL_Driver/stm32l4xx_hal_ospi.o
 .debug_info    0x00014bdf      0xa0a ./Drivers/STM32L4xx_HAL_Driver/stm32l4xx_hal_pwr_ex.o
 .debug_info    0x000155e9      0xd32 ./Drivers/STM32L4xx_HAL_Driver/stm32l4xx_hal_rcc.o
 .debug_info    0x0001631b     0x1167 ./Drivers/STM32L4xx_HAL_Driver/stm32l4xx_hal_rcc_ex.o
 .debug_info    0x00017482      0xd7d ./Drivers/STM32L4xx_HAL_Driver/stm32l4xx_hal_rtc.o
 .debug_info    0x000181ff      0xfd9 ./Drivers/STM32L4xx_HAL_Driver/stm32l4xx_hal_rtc_ex.o
 .debug_info    0x000191d8     0x2bc0 ./Drivers/STM32L4xx_HAL_Driver/stm32l4xx_hal_tim.o
 .debug_info    0x0001bd98     0x17c4 ./Drivers/STM32L4xx_HAL_Driver/stm32l4xx_hal_tim_ex.o
 .debug_info    0x0001d55c     0x4875 ./Drivers/STM32L4xx_HAL_Driver/stm32l4xx_hal_uart.o
 .debug_info    0x00021dd1     0x1018 ./Drivers/STM32L4xx_HAL_Driver/stm32l4xx_hal_uart_ex.o

.debug_abbrev   0x00000000     0x4310
 .debug_abbrev  0x00000000      0x182 ./Core/Components/hts221/hts221.o
 .debug_abbrev  0x00000182      0x20c ./Core/Src/audio_player.o
 .debug_abbrev  0x0000038e      0x3b3 ./Core/Src/main.o
 .debug_abbrev  0x00000741      0x317 ./Core/Src/stm32l4s5i_iot01.o
 .debug_abbrev  0x00000a58      0x10a ./Core/Src/stm32l4s5i_iot01_hsensor.o
 .debug_abbrev  0x00000b62      0x330 ./Core/Src/stm32l4s5i_iot01_qspi.o
 .debug_abbrev  0x00000e92      0x11d ./Core/Src/stm32l4s5i_iot01_tsensor.o
 .debug_abbrev  0x00000faf      0x288 ./Core/Src/stm32l4xx_hal_msp.o
 .debug_abbrev  0x00001237      0x1b4 ./Core/Src/stm32l4xx_it.o
 .debug_abbrev  0x000013eb       0xbc ./Core/Src/sysmem.o
 .debug_abbrev  0x000014a7      0x11a ./Core/Src/system_stm32l4xx.o
 .debug_abbrev  0x000015c1       0x24 ./Core/Startup/startup_stm32l4s5vitx.o
 .debug_abbrev  0x000015e5      0x242 ./Drivers/STM32L4xx_HAL_Driver/stm32l4xx_hal.o
 .debug_abbrev  0x00001827      0x31c ./Drivers/STM32L4xx_HAL_Driver/stm32l4xx_hal_cortex.o
 .debug_abbrev  0x00001b43      0x218 ./Drivers/STM32L4xx_HAL_Driver/stm32l4xx_hal_dac.o
 .debug_abbrev  0x00001d5b      0x242 ./Drivers/STM32L4xx_HAL_Driver/stm32l4xx_hal_dac_ex.o
 .debug_abbrev  0x00001f9d      0x1e2 ./Drivers/STM32L4xx_HAL_Driver/stm32l4xx_hal_dma.o
 .debug_abbrev  0x0000217f      0x1cb ./Drivers/STM32L4xx_HAL_Driver/stm32l4xx_hal_gpio.o
 .debug_abbrev  0x0000234a      0x25e ./Drivers/STM32L4xx_HAL_Driver/stm32l4xx_hal_i2c.o
 .debug_abbrev  0x000025a8      0x1c0 ./Drivers/STM32L4xx_HAL_Driver/stm32l4xx_hal_i2c_ex.o
 .debug_abbrev  0x00002768      0x269 ./Drivers/STM32L4xx_HAL_Driver/stm32l4xx_hal_lptim.o
 .debug_abbrev  0x000029d1      0x2be ./Drivers/STM32L4xx_HAL_Driver/stm32l4xx_hal_ospi.o
 .debug_abbrev  0x00002c8f      0x1f9 ./Drivers/STM32L4xx_HAL_Driver/stm32l4xx_hal_pwr_ex.o
 .debug_abbrev  0x00002e88      0x306 ./Drivers/STM32L4xx_HAL_Driver/stm32l4xx_hal_rcc.o
 .debug_abbrev  0x0000318e      0x2a3 ./Drivers/STM32L4xx_HAL_Driver/stm32l4xx_hal_rcc_ex.o
 .debug_abbrev  0x00003431      0x201 ./Drivers/STM32L4xx_HAL_Driver/stm32l4xx_hal_rtc.o
 .debug_abbrev  0x00003632      0x211 ./Drivers/STM32L4xx_HAL_Driver/stm32l4xx_hal_rtc_ex.o
 .debug_abbrev  0x00003843      0x276 ./Drivers/STM32L4xx_HAL_Driver/stm32l4xx_hal_tim.o
 .debug_abbrev  0x00003ab9      0x281 ./Drivers/STM32L4xx_HAL_Driver/stm32l4xx_hal_tim_ex.o
 .debug_abbrev  0x00003d3a      0x304 ./Drivers/STM32L4xx_HAL_Driver/stm32l4xx_hal_uart.o
 .debug_abbrev  0x0000403e      0x2d2 ./Drivers/STM32L4xx_HAL_Driver/stm32l4xx_hal_uart_ex.o

.debug_aranges  0x00000000     0x1cd0
 .debug_aranges
                0x00000000       0x40 ./Core/Components/hts221/hts221.o
 .debug_aranges
                0x00000040       0x40 ./Core/Src/audio_player.o
 .debug_aranges
                0x00000080       0xb0 ./Core/Src/main.o
 .debug_aranges
                0x00000130      0x120 ./Core/Src/stm32l4s5i_iot01.o
 .debug_aranges
                0x00000250       0x30 ./Core/Src/stm32l4s5i_iot01_hsensor.o
 .debug_aranges
                0x00000280       0xc0 ./Core/Src/stm32l4s5i_iot01_qspi.o
 .debug_aranges
                0x00000340       0x28 ./Core/Src/stm32l4s5i_iot01_tsensor.o
 .debug_aranges
                0x00000368       0x90 ./Core/Src/stm32l4xx_hal_msp.o
 .debug_aranges
                0x000003f8       0x90 ./Core/Src/stm32l4xx_it.o
 .debug_aranges
                0x00000488       0x20 ./Core/Src/sysmem.o
 .debug_aranges
                0x000004a8       0x28 ./Core/Src/system_stm32l4xx.o
 .debug_aranges
                0x000004d0       0x28 ./Core/Startup/startup_stm32l4s5vitx.o
 .debug_aranges
                0x000004f8      0x130 ./Drivers/STM32L4xx_HAL_Driver/stm32l4xx_hal.o
 .debug_aranges
                0x00000628      0x128 ./Drivers/STM32L4xx_HAL_Driver/stm32l4xx_hal_cortex.o
 .debug_aranges
                0x00000750       0xc0 ./Drivers/STM32L4xx_HAL_Driver/stm32l4xx_hal_dac.o
 .debug_aranges
                0x00000810       0x88 ./Drivers/STM32L4xx_HAL_Driver/stm32l4xx_hal_dac_ex.o
 .debug_aranges