../Application/User/Src/stm32l4xx_it.c:73:6:NMI_Handler	4	static
../Application/User/Src/stm32l4xx_it.c:88:6:HardFault_Handler	4	static
../Application/User/Src/stm32l4xx_it.c:103:6:MemManage_Handler	4	static
../Application/User/Src/stm32l4xx_it.c:118:6:BusFault_Handler	4	static
../Application/User/Src/stm32l4xx_it.c:133:6:UsageFault_Handler	4	static
../Application/User/Src/stm32l4xx_it.c:148:6:SVC_Handler	4	static
../Application/User/Src/stm32l4xx_it.c:161:6:DebugMon_Handler	4	static
../Application/User/Src/stm32l4xx_it.c:174:6:PendSV_Handler	4	static
../Application/User/Src/stm32l4xx_it.c:187:6:SysTick_Handler	8	static
../Application/User/Src/stm32l4xx_it.c:208:6:USART1_IRQHandler	8	static
../Application/User/Src/stm32l4xx_it.c:219:6:EXTI1_IRQHandler	8	static
../Application/User/Src/stm32l4xx_it.c:226:6:EXTI15_10_IRQHandler	8	static
../Application/User/Src/stm32l4xx_it.c:240:6:RTC_Alarm_IRQHandler	8	static
../Application/User/Src/stm32l4xx_it.c:254:6:TIM6_DAC_IRQHandler	8	static
../Application/User/Src/stm32l4xx_it.c:269:6:TIM7_IRQHandler	8	static
