/home/jojo/STM32Cube/Repository/STM32Cube_FW_L4_V1.17.0/Projects/B-L4S5I-IOT01A/Applications/WiFi/WiFi_HTTP_Server/Src/main.c:405:5:main	8	static
/home/jojo/STM32Cube/Repository/STM32Cube_FW_L4_V1.17.0/Projects/B-L4S5I-IOT01A/Applications/WiFi/WiFi_HTTP_Server/Src/main.c:462:12:wifi_start	40	static
/home/jojo/STM32Cube/Repository/STM32Cube_FW_L4_V1.17.0/Projects/B-L4S5I-IOT01A/Applications/WiFi/WiFi_HTTP_Server/Src/main.c:493:12:wifi_connect	24	static
/home/jojo/STM32Cube/Repository/STM32Cube_FW_L4_V1.17.0/Projects/B-L4S5I-IOT01A/Applications/WiFi/WiFi_HTTP_Server/Src/main.c:536:12:http_get_request	40	static
/home/jojo/STM32Cube/Repository/STM32Cube_FW_L4_V1.17.0/Projects/B-L4S5I-IOT01A/Applications/WiFi/WiFi_HTTP_Server/Src/main.c:641:13:SystemClock_Config	96	static
/home/jojo/STM32Cube/Repository/STM32Cube_FW_L4_V1.17.0/Projects/B-L4S5I-IOT01A/Applications/WiFi/WiFi_HTTP_Server/Src/main.c:680:6:Error_Handler	8	static
/home/jojo/STM32Cube/Repository/STM32Cube_FW_L4_V1.17.0/Projects/B-L4S5I-IOT01A/Applications/WiFi/WiFi_HTTP_Server/Src/main.c:692:1:__io_putchar	16	static
/home/jojo/STM32Cube/Repository/STM32Cube_FW_L4_V1.17.0/Projects/B-L4S5I-IOT01A/Applications/WiFi/WiFi_HTTP_Server/Src/main.c:701:6:HAL_GPIO_EXTI_Callback	16	static
