/home/jojo/STM32Cube/Repository/STM32Cube_FW_L4_V1.17.0/Projects/B-L4S5I-IOT01A/Applications/WiFi/WiFi_HTTP_Server/Src/main.c:34:5:__io_putchar	16	static
/home/jojo/STM32Cube/Repository/STM32Cube_FW_L4_V1.17.0/Projects/B-L4S5I-IOT01A/Applications/WiFi/WiFi_HTTP_Server/Src/main.c:46:5:main	8	static
/home/jojo/STM32Cube/Repository/STM32Cube_FW_L4_V1.17.0/Projects/B-L4S5I-IOT01A/Applications/WiFi/WiFi_HTTP_Server/Src/main.c:88:12:wifi_start	40	static
/home/jojo/STM32Cube/Repository/STM32Cube_FW_L4_V1.17.0/Projects/B-L4S5I-IOT01A/Applications/WiFi/WiFi_HTTP_Server/Src/main.c:109:12:wifi_connect	24	static
/home/jojo/STM32Cube/Repository/STM32Cube_FW_L4_V1.17.0/Projects/B-L4S5I-IOT01A/Applications/WiFi/WiFi_HTTP_Server/Src/main.c:138:12:http_get_working	40	static
/home/jojo/STM32Cube/Repository/STM32Cube_FW_L4_V1.17.0/Projects/B-L4S5I-IOT01A/Applications/WiFi/WiFi_HTTP_Server/Src/main.c:227:13:SystemClock_Config	96	static
/home/jojo/STM32Cube/Repository/STM32Cube_FW_L4_V1.17.0/Projects/B-L4S5I-IOT01A/Applications/WiFi/WiFi_HTTP_Server/Src/main.c:259:6:Error_Handler	8	static
/home/jojo/STM32Cube/Repository/STM32Cube_FW_L4_V1.17.0/Projects/B-L4S5I-IOT01A/Applications/WiFi/WiFi_HTTP_Server/Src/main.c:270:6:HAL_GPIO_EXTI_Callback	16	static
/home/jojo/STM32Cube/Repository/STM32Cube_FW_L4_V1.17.0/Projects/B-L4S5I-IOT01A/Applications/WiFi/WiFi_HTTP_Server/Src/main.c:280:6:SPI3_IRQHandler	8	static
