../Core/Src/main.c:126:6:HAL_GPIO_EXTI_Callback	16	static
../Core/Src/main.c:142:6:HAL_TIM_PeriodElapsedCallback	16	static
../Core/Src/main.c:171:6:HAL_RTC_AlarmAEventCallback	16	static
../Core/Src/main.c:178:6:SetAlarm	64	static
../Core/Src/main.c:189:5:parseTime	32	static
../Core/Src/main.c:218:5:main	328	static
../Core/Src/main.c:442:6:SystemClock_Config	96	static
../Core/Src/main.c:494:13:MX_DAC1_Init	48	static
../Core/Src/main.c:538:13:MX_I2C1_Init	8	static
../Core/Src/main.c:586:13:MX_LPTIM1_Init	8	static
../Core/Src/main.c:622:13:MX_OCTOSPI1_Init	8	static
../Core/Src/main.c:661:13:MX_RTC_Init	80	static
../Core/Src/main.c:751:13:MX_TIM6_Init	24	static
../Core/Src/main.c:789:13:MX_TIM7_Init	24	static
../Core/Src/main.c:827:13:MX_TIM16_Init	8	static
../Core/Src/main.c:859:13:MX_USART1_UART_Init	8	static
../Core/Src/main.c:907:13:MX_GPIO_Init	48	static
../Core/Src/main.c:953:6:HAL_UART_RxCpltCallback	24	static
../Core/Src/main.c:981:6:Error_Handler	4	static,ignoring_inline_asm
