../Core/Src/main.c:126:6:HAL_GPIO_EXTI_Callback	16	static
../Core/Src/main.c:141:6:HAL_TIM_PeriodElapsedCallback	16	static
../Core/Src/main.c:170:6:HAL_RTC_AlarmAEventCallback	16	static
../Core/Src/main.c:177:6:SetAlarm	64	static
../Core/Src/main.c:188:5:parseTime	32	static
../Core/Src/main.c:217:5:main	336	static
../Core/Src/main.c:448:6:SystemClock_Config	96	static
../Core/Src/main.c:500:13:MX_DAC1_Init	48	static
../Core/Src/main.c:544:13:MX_I2C1_Init	8	static
../Core/Src/main.c:592:13:MX_LPTIM1_Init	8	static
../Core/Src/main.c:628:13:MX_OCTOSPI1_Init	8	static
../Core/Src/main.c:667:13:MX_RTC_Init	80	static
../Core/Src/main.c:757:13:MX_TIM6_Init	24	static
../Core/Src/main.c:795:13:MX_TIM7_Init	24	static
../Core/Src/main.c:833:13:MX_TIM16_Init	8	static
../Core/Src/main.c:865:13:MX_USART1_UART_Init	8	static
../Core/Src/main.c:913:13:MX_GPIO_Init	48	static
../Core/Src/main.c:963:6:HAL_UART_RxCpltCallback	24	static
../Core/Src/main.c:991:6:Error_Handler	4	static,ignoring_inline_asm
