C:/Users/colea/STM32Cube/Repository/STM32Cube_FW_L4_V1.18.1/Projects/B-L4S5I-IOT01A/Applications/WiFi/WiFi_HTTP_Server/Src/main.c:106:5:__io_putchar	16	static
C:/Users/colea/STM32Cube/Repository/STM32Cube_FW_L4_V1.18.1/Projects/B-L4S5I-IOT01A/Applications/WiFi/WiFi_HTTP_Server/Src/main.c:116:5:main	328	static
C:/Users/colea/STM32Cube/Repository/STM32Cube_FW_L4_V1.18.1/Projects/B-L4S5I-IOT01A/Applications/WiFi/WiFi_HTTP_Server/Src/main.c:347:6:HAL_TIM_PeriodElapsedCallback	16	static
C:/Users/colea/STM32Cube/Repository/STM32Cube_FW_L4_V1.18.1/Projects/B-L4S5I-IOT01A/Applications/WiFi/WiFi_HTTP_Server/Src/main.c:376:6:HAL_RTC_AlarmAEventCallback	16	static
C:/Users/colea/STM32Cube/Repository/STM32Cube_FW_L4_V1.18.1/Projects/B-L4S5I-IOT01A/Applications/WiFi/WiFi_HTTP_Server/Src/main.c:382:5:parseTime	32	static
C:/Users/colea/STM32Cube/Repository/STM32Cube_FW_L4_V1.18.1/Projects/B-L4S5I-IOT01A/Applications/WiFi/WiFi_HTTP_Server/Src/main.c:404:12:wifi_start	40	static
C:/Users/colea/STM32Cube/Repository/STM32Cube_FW_L4_V1.18.1/Projects/B-L4S5I-IOT01A/Applications/WiFi/WiFi_HTTP_Server/Src/main.c:423:12:wifi_connect	24	static
C:/Users/colea/STM32Cube/Repository/STM32Cube_FW_L4_V1.18.1/Projects/B-L4S5I-IOT01A/Applications/WiFi/WiFi_HTTP_Server/Src/main.c:447:5:http_get_working	5896	static
C:/Users/colea/STM32Cube/Repository/STM32Cube_FW_L4_V1.18.1/Projects/B-L4S5I-IOT01A/Applications/WiFi/WiFi_HTTP_Server/Src/main.c:535:7:get_json_value	40	static
C:/Users/colea/STM32Cube/Repository/STM32Cube_FW_L4_V1.18.1/Projects/B-L4S5I-IOT01A/Applications/WiFi/WiFi_HTTP_Server/Src/main.c:595:13:MX_DAC1_Init	48	static
C:/Users/colea/STM32Cube/Repository/STM32Cube_FW_L4_V1.18.1/Projects/B-L4S5I-IOT01A/Applications/WiFi/WiFi_HTTP_Server/Src/main.c:639:13:MX_I2C1_Init	8	static
C:/Users/colea/STM32Cube/Repository/STM32Cube_FW_L4_V1.18.1/Projects/B-L4S5I-IOT01A/Applications/WiFi/WiFi_HTTP_Server/Src/main.c:687:13:MX_OCTOSPI1_Init	8	static
C:/Users/colea/STM32Cube/Repository/STM32Cube_FW_L4_V1.18.1/Projects/B-L4S5I-IOT01A/Applications/WiFi/WiFi_HTTP_Server/Src/main.c:726:13:MX_RTC_Init	80	static
C:/Users/colea/STM32Cube/Repository/STM32Cube_FW_L4_V1.18.1/Projects/B-L4S5I-IOT01A/Applications/WiFi/WiFi_HTTP_Server/Src/main.c:816:13:MX_TIM6_Init	24	static
C:/Users/colea/STM32Cube/Repository/STM32Cube_FW_L4_V1.18.1/Projects/B-L4S5I-IOT01A/Applications/WiFi/WiFi_HTTP_Server/Src/main.c:854:13:MX_TIM7_Init	24	static
C:/Users/colea/STM32Cube/Repository/STM32Cube_FW_L4_V1.18.1/Projects/B-L4S5I-IOT01A/Applications/WiFi/WiFi_HTTP_Server/Src/main.c:892:13:MX_TIM16_Init	8	static
C:/Users/colea/STM32Cube/Repository/STM32Cube_FW_L4_V1.18.1/Projects/B-L4S5I-IOT01A/Applications/WiFi/WiFi_HTTP_Server/Src/main.c:972:13:MX_GPIO_Init	48	static
C:/Users/colea/STM32Cube/Repository/STM32Cube_FW_L4_V1.18.1/Projects/B-L4S5I-IOT01A/Applications/WiFi/WiFi_HTTP_Server/Src/main.c:1022:6:HAL_UART_RxCpltCallback	24	static
C:/Users/colea/STM32Cube/Repository/STM32Cube_FW_L4_V1.18.1/Projects/B-L4S5I-IOT01A/Applications/WiFi/WiFi_HTTP_Server/Src/main.c:1049:13:SystemClock_Config	96	static
C:/Users/colea/STM32Cube/Repository/STM32Cube_FW_L4_V1.18.1/Projects/B-L4S5I-IOT01A/Applications/WiFi/WiFi_HTTP_Server/Src/main.c:1081:6:Error_Handler	8	static
C:/Users/colea/STM32Cube/Repository/STM32Cube_FW_L4_V1.18.1/Projects/B-L4S5I-IOT01A/Applications/WiFi/WiFi_HTTP_Server/Src/main.c:1092:6:HAL_GPIO_EXTI_Callback	16	static
C:/Users/colea/STM32Cube/Repository/STM32Cube_FW_L4_V1.18.1/Projects/B-L4S5I-IOT01A/Applications/WiFi/WiFi_HTTP_Server/Src/main.c:1102:6:SPI3_IRQHandler	8	static
