/home/jojo/STM32Cube/Repository/STM32Cube_FW_L4_V1.17.0/Drivers/STM32L4xx_HAL_Driver/Src/stm32l4xx_hal_flash_ex.c:512:13:FLASH_MassErase	0	static
/home/jojo/STM32Cube/Repository/STM32Cube_FW_L4_V1.17.0/Drivers/STM32L4xx_HAL_Driver/Src/stm32l4xx_hal_flash_ex.c:305:19:HAL_FLASHEx_OBProgram	32	static
/home/jojo/STM32Cube/Repository/STM32Cube_FW_L4_V1.17.0/Drivers/STM32L4xx_HAL_Driver/Src/stm32l4xx_hal_flash_ex.c:376:6:HAL_FLASHEx_OBGetConfig	12	static
/home/jojo/STM32Cube/Repository/STM32Cube_FW_L4_V1.17.0/Drivers/STM32L4xx_HAL_Driver/Src/stm32l4xx_hal_flash_ex.c:449:19:HAL_FLASHEx_ConfigLVEPin	16	static
/home/jojo/STM32Cube/Repository/STM32Cube_FW_L4_V1.17.0/Drivers/STM32L4xx_HAL_Driver/Src/stm32l4xx_hal_flash_ex.c:559:6:FLASH_PageErase	0	static
/home/jojo/STM32Cube/Repository/STM32Cube_FW_L4_V1.17.0/Drivers/STM32L4xx_HAL_Driver/Src/stm32l4xx_hal_flash_ex.c:233:19:HAL_FLASHEx_Erase_IT	8	static
/home/jojo/STM32Cube/Repository/STM32Cube_FW_L4_V1.17.0/Drivers/STM32L4xx_HAL_Driver/Src/stm32l4xx_hal_flash_ex.c:602:6:FLASH_FlushCaches	0	static
/home/jojo/STM32Cube/Repository/STM32Cube_FW_L4_V1.17.0/Drivers/STM32L4xx_HAL_Driver/Src/stm32l4xx_hal_flash_ex.c:127:19:HAL_FLASHEx_Erase	32	static
