/home/jojo/STM32Cube/Repository/STM32Cube_FW_L4_V1.17.0/Projects/B-L4S5I-IOT01A/Applications/WiFi/WiFi_HTTP_Server/Src/flash_l4.c:155:12:FLASH_get_pageInBank	0	static
/home/jojo/STM32Cube/Repository/STM32Cube_FW_L4_V1.17.0/Projects/B-L4S5I-IOT01A/Applications/WiFi/WiFi_HTTP_Server/Src/flash_l4.c:245:17:GetPage	0	static
/home/jojo/STM32Cube/Repository/STM32Cube_FW_L4_V1.17.0/Projects/B-L4S5I-IOT01A/Applications/WiFi/WiFi_HTTP_Server/Src/flash_l4.c:131:10:FLASH_get_bank	8	static
/home/jojo/STM32Cube/Repository/STM32Cube_FW_L4_V1.17.0/Projects/B-L4S5I-IOT01A/Applications/WiFi/WiFi_HTTP_Server/Src/flash_l4.c:306:10:FLASH_Init	8	static
/home/jojo/STM32Cube/Repository/STM32Cube_FW_L4_V1.17.0/Projects/B-L4S5I-IOT01A/Applications/WiFi/WiFi_HTTP_Server/Src/flash_l4.c:187:5:FLASH_update	72	static
/home/jojo/STM32Cube/Repository/STM32Cube_FW_L4_V1.17.0/Projects/B-L4S5I-IOT01A/Applications/WiFi/WiFi_HTTP_Server/Src/flash_l4.c:341:5:FLASH_Erase_Size	48	static
/home/jojo/STM32Cube/Repository/STM32Cube_FW_L4_V1.17.0/Projects/B-L4S5I-IOT01A/Applications/WiFi/WiFi_HTTP_Server/Src/flash_l4.c:404:5:FLASH_Write	24	static
