/home/jojo/STM32Cube/Repository/STM32Cube_FW_L4_V1.17.0/Projects/B-L4S5I-IOT01A/Applications/WiFi/WiFi_HTTP_Server/Src/main.c:138:5:http_get_working	1568	static
/home/jojo/STM32Cube/Repository/STM32Cube_FW_L4_V1.17.0/Projects/B-L4S5I-IOT01A/Applications/WiFi/WiFi_HTTP_Server/Src/main.c:34:5:__io_putchar	16	static
/home/jojo/STM32Cube/Repository/STM32Cube_FW_L4_V1.17.0/Projects/B-L4S5I-IOT01A/Applications/WiFi/WiFi_HTTP_Server/Src/main.c:235:6:Error_Handler	8	static
/home/jojo/STM32Cube/Repository/STM32Cube_FW_L4_V1.17.0/Projects/B-L4S5I-IOT01A/Applications/WiFi/WiFi_HTTP_Server/Src/main.c:46:5:main	112	static
/home/jojo/STM32Cube/Repository/STM32Cube_FW_L4_V1.17.0/Projects/B-L4S5I-IOT01A/Applications/WiFi/WiFi_HTTP_Server/Src/main.c:246:6:HAL_GPIO_EXTI_Callback	0	static
/home/jojo/STM32Cube/Repository/STM32Cube_FW_L4_V1.17.0/Projects/B-L4S5I-IOT01A/Applications/WiFi/WiFi_HTTP_Server/Src/main.c:256:6:SPI3_IRQHandler	0	static
