/home/jojo/STM32Cube/Repository/STM32Cube_FW_L4_V1.17.0/Projects/B-L4S5I-IOT01A/Applications/WiFi/WiFi_HTTP_Server/Src/main.c:390:5:__io_putchar	16	static
/home/jojo/STM32Cube/Repository/STM32Cube_FW_L4_V1.17.0/Projects/B-L4S5I-IOT01A/Applications/WiFi/WiFi_HTTP_Server/Src/main.c:615:6:Error_Handler	8	static
/home/jojo/STM32Cube/Repository/STM32Cube_FW_L4_V1.17.0/Projects/B-L4S5I-IOT01A/Applications/WiFi/WiFi_HTTP_Server/Src/main.c:402:5:main	120	static
/home/jojo/STM32Cube/Repository/STM32Cube_FW_L4_V1.17.0/Projects/B-L4S5I-IOT01A/Applications/WiFi/WiFi_HTTP_Server/Src/main.c:626:6:HAL_GPIO_EXTI_Callback	0	static
/home/jojo/STM32Cube/Repository/STM32Cube_FW_L4_V1.17.0/Projects/B-L4S5I-IOT01A/Applications/WiFi/WiFi_HTTP_Server/Src/main.c:636:6:SPI3_IRQHandler	0	static
