/home/jojo/STM32Cube/Repository/STM32Cube_FW_L4_V1.17.0/Projects/B-L4S5I-IOT01A/Applications/WiFi/Common/Src/es_wifi.c:125:16:ParseNumber	20	static
/home/jojo/STM32Cube/Repository/STM32Cube_FW_L4_V1.17.0/Projects/B-L4S5I-IOT01A/Applications/WiFi/Common/Src/es_wifi.c:175:14:ParseIP	32	static
/home/jojo/STM32Cube/Repository/STM32Cube_FW_L4_V1.17.0/Projects/B-L4S5I-IOT01A/Applications/WiFi/Common/Src/es_wifi.c:698:25:AT_ExecuteCommand	16	static
/home/jojo/STM32Cube/Repository/STM32Cube_FW_L4_V1.17.0/Projects/B-L4S5I-IOT01A/Applications/WiFi/Common/Src/es_wifi.c:746:25:AT_RequestSendData	32	static
/home/jojo/STM32Cube/Repository/STM32Cube_FW_L4_V1.17.0/Projects/B-L4S5I-IOT01A/Applications/WiFi/Common/Src/es_wifi.c:591:13:AT_ParseTransportSettings	24	static
/home/jojo/STM32Cube/Repository/STM32Cube_FW_L4_V1.17.0/Projects/B-L4S5I-IOT01A/Applications/WiFi/Common/Src/es_wifi.c:804:25:AT_RequestReceiveData	32	static
/home/jojo/STM32Cube/Repository/STM32Cube_FW_L4_V1.17.0/Projects/B-L4S5I-IOT01A/Applications/WiFi/Common/Src/es_wifi.c:194:31:ParseSecurity	8	static
/home/jojo/STM32Cube/Repository/STM32Cube_FW_L4_V1.17.0/Projects/B-L4S5I-IOT01A/Applications/WiFi/Common/Src/es_wifi.c:155:13:ParseMAC	20	static
/home/jojo/STM32Cube/Repository/STM32Cube_FW_L4_V1.17.0/Projects/B-L4S5I-IOT01A/Applications/WiFi/Common/Src/es_wifi.c:855:19:ES_WIFI_Init	32	static
/home/jojo/STM32Cube/Repository/STM32Cube_FW_L4_V1.17.0/Projects/B-L4S5I-IOT01A/Applications/WiFi/Common/Src/es_wifi.c:879:19:ES_WIFI_DeInit	8	static
/home/jojo/STM32Cube/Repository/STM32Cube_FW_L4_V1.17.0/Projects/B-L4S5I-IOT01A/Applications/WiFi/Common/Src/es_wifi.c:899:19:ES_WIFI_GetProductID	8	static
/home/jojo/STM32Cube/Repository/STM32Cube_FW_L4_V1.17.0/Projects/B-L4S5I-IOT01A/Applications/WiFi/Common/Src/es_wifi.c:911:19:ES_WIFI_GetFWRevID	8	static
/home/jojo/STM32Cube/Repository/STM32Cube_FW_L4_V1.17.0/Projects/B-L4S5I-IOT01A/Applications/WiFi/Common/Src/es_wifi.c:923:19:ES_WIFI_GetProductName	8	static
/home/jojo/STM32Cube/Repository/STM32Cube_FW_L4_V1.17.0/Projects/B-L4S5I-IOT01A/Applications/WiFi/Common/Src/es_wifi.c:935:19:ES_WIFI_GetAPIRev	8	static
/home/jojo/STM32Cube/Repository/STM32Cube_FW_L4_V1.17.0/Projects/B-L4S5I-IOT01A/Applications/WiFi/Common/Src/es_wifi.c:947:19:ES_WIFI_GetStackRev	8	static
/home/jojo/STM32Cube/Repository/STM32Cube_FW_L4_V1.17.0/Projects/B-L4S5I-IOT01A/Applications/WiFi/Common/Src/es_wifi.c:959:19:ES_WIFI_GetRTOSRev	8	static
/home/jojo/STM32Cube/Repository/STM32Cube_FW_L4_V1.17.0/Projects/B-L4S5I-IOT01A/Applications/WiFi/Common/Src/es_wifi.c:971:19:ES_WIFI_RegisterBusIO	12	static
/home/jojo/STM32Cube/Repository/STM32Cube_FW_L4_V1.17.0/Projects/B-L4S5I-IOT01A/Applications/WiFi/Common/Src/es_wifi.c:997:19:ES_WIFI_SetTimeout	0	static
/home/jojo/STM32Cube/Repository/STM32Cube_FW_L4_V1.17.0/Projects/B-L4S5I-IOT01A/Applications/WiFi/Common/Src/es_wifi.c:1009:19:ES_WIFI_ListAccessPoints	56	static
/home/jojo/STM32Cube/Repository/STM32Cube_FW_L4_V1.17.0/Projects/B-L4S5I-IOT01A/Applications/WiFi/Common/Src/es_wifi.c:1091:18:ES_WIFI_Connect	24	static
/home/jojo/STM32Cube/Repository/STM32Cube_FW_L4_V1.17.0/Projects/B-L4S5I-IOT01A/Applications/WiFi/Common/Src/es_wifi.c:1139:9:ES_WIFI_IsConnected	8	static
/home/jojo/STM32Cube/Repository/STM32Cube_FW_L4_V1.17.0/Projects/B-L4S5I-IOT01A/Applications/WiFi/Common/Src/es_wifi.c:1158:18:ES_WIFI_Disconnect	8	static
/home/jojo/STM32Cube/Repository/STM32Cube_FW_L4_V1.17.0/Projects/B-L4S5I-IOT01A/Applications/WiFi/Common/Src/es_wifi.c:1173:18:ES_WIFI_GetNetworkSettings	32	static
/home/jojo/STM32Cube/Repository/STM32Cube_FW_L4_V1.17.0/Projects/B-L4S5I-IOT01A/Applications/WiFi/Common/Src/es_wifi.c:1198:18:ES_WIFI_ActivateAP	32	static
/home/jojo/STM32Cube/Repository/STM32Cube_FW_L4_V1.17.0/Projects/B-L4S5I-IOT01A/Applications/WiFi/Common/Src/es_wifi.c:1264:19:ES_WIFI_WaitAPStateChange	32	static
/home/jojo/STM32Cube/Repository/STM32Cube_FW_L4_V1.17.0/Projects/B-L4S5I-IOT01A/Applications/WiFi/Common/Src/es_wifi.c:1332:18:ES_WIFI_GetMACAddress	16	static
/home/jojo/STM32Cube/Repository/STM32Cube_FW_L4_V1.17.0/Projects/B-L4S5I-IOT01A/Applications/WiFi/Common/Src/es_wifi.c:1355:18:ES_WIFI_GetIPAddress	0	static
/home/jojo/STM32Cube/Repository/STM32Cube_FW_L4_V1.17.0/Projects/B-L4S5I-IOT01A/Applications/WiFi/Common/Src/es_wifi.c:1367:18:ES_WIFI_SetMACAddress	32	static
/home/jojo/STM32Cube/Repository/STM32Cube_FW_L4_V1.17.0/Projects/B-L4S5I-IOT01A/Applications/WiFi/Common/Src/es_wifi.c:1388:18:ES_WIFI_ResetToFactoryDefault	8	static
/home/jojo/STM32Cube/Repository/STM32Cube_FW_L4_V1.17.0/Projects/B-L4S5I-IOT01A/Applications/WiFi/Common/Src/es_wifi.c:1403:18:ES_WIFI_ResetModule	16	static
/home/jojo/STM32Cube/Repository/STM32Cube_FW_L4_V1.17.0/Projects/B-L4S5I-IOT01A/Applications/WiFi/Common/Src/es_wifi.c:1427:18:ES_WIFI_HardResetModule	8	static
/home/jojo/STM32Cube/Repository/STM32Cube_FW_L4_V1.17.0/Projects/B-L4S5I-IOT01A/Applications/WiFi/Common/Src/es_wifi.c:1442:18:ES_WIFI_SetProductName	16	static
/home/jojo/STM32Cube/Repository/STM32Cube_FW_L4_V1.17.0/Projects/B-L4S5I-IOT01A/Applications/WiFi/Common/Src/es_wifi.c:1527:18:ES_WIFI_GetSystemConfig	24	static
/home/jojo/STM32Cube/Repository/STM32Cube_FW_L4_V1.17.0/Projects/B-L4S5I-IOT01A/Applications/WiFi/Common/Src/es_wifi.c:1549:18:ES_WIFI_Ping	40	static
/home/jojo/STM32Cube/Repository/STM32Cube_FW_L4_V1.17.0/Projects/B-L4S5I-IOT01A/Applications/WiFi/Common/Src/es_wifi.c:1592:18:ES_WIFI_DNS_LookUp	16	static
/home/jojo/STM32Cube/Repository/STM32Cube_FW_L4_V1.17.0/Projects/B-L4S5I-IOT01A/Applications/WiFi/Common/Src/es_wifi.c:1617:18:ES_WIFI_StartClientConnection	24	static
/home/jojo/STM32Cube/Repository/STM32Cube_FW_L4_V1.17.0/Projects/B-L4S5I-IOT01A/Applications/WiFi/Common/Src/es_wifi.c:1683:18:ES_WIFI_StopClientConnection	16	static
/home/jojo/STM32Cube/Repository/STM32Cube_FW_L4_V1.17.0/Projects/B-L4S5I-IOT01A/Applications/WiFi/Common/Src/es_wifi.c:1771:18:ES_WIFI_StartServerSingleConn	16	static
/home/jojo/STM32Cube/Repository/STM32Cube_FW_L4_V1.17.0/Projects/B-L4S5I-IOT01A/Applications/WiFi/Common/Src/es_wifi.c:1837:19:ES_WIFI_WaitServerConnection	48	static
/home/jojo/STM32Cube/Repository/STM32Cube_FW_L4_V1.17.0/Projects/B-L4S5I-IOT01A/Applications/WiFi/Common/Src/es_wifi.c:1933:18:ES_WIFI_CloseServerConnection	16	static
/home/jojo/STM32Cube/Repository/STM32Cube_FW_L4_V1.17.0/Projects/B-L4S5I-IOT01A/Applications/WiFi/Common/Src/es_wifi.c:1964:18:ES_WIFI_StopServerSingleConn	16	static
/home/jojo/STM32Cube/Repository/STM32Cube_FW_L4_V1.17.0/Projects/B-L4S5I-IOT01A/Applications/WiFi/Common/Src/es_wifi.c:1997:18:ES_WIFI_StartServerMultiConn	16	static
/home/jojo/STM32Cube/Repository/STM32Cube_FW_L4_V1.17.0/Projects/B-L4S5I-IOT01A/Applications/WiFi/Common/Src/es_wifi.c:2058:18:ES_WIFI_StopServerMultiConn	32	static
/home/jojo/STM32Cube/Repository/STM32Cube_FW_L4_V1.17.0/Projects/B-L4S5I-IOT01A/Applications/WiFi/Common/Src/es_wifi.c:2118:18:ES_WIFI_SendData	40	static
/home/jojo/STM32Cube/Repository/STM32Cube_FW_L4_V1.17.0/Projects/B-L4S5I-IOT01A/Applications/WiFi/Common/Src/es_wifi.c:2180:19:ES_WIFI_SendDataTo	40	static
/home/jojo/STM32Cube/Repository/STM32Cube_FW_L4_V1.17.0/Projects/B-L4S5I-IOT01A/Applications/WiFi/Common/Src/es_wifi.c:2278:18:ES_WIFI_ReceiveData	32	static
/home/jojo/STM32Cube/Repository/STM32Cube_FW_L4_V1.17.0/Projects/B-L4S5I-IOT01A/Applications/WiFi/Common/Src/es_wifi.c:2339:19:ES_WIFI_ReceiveDataFrom	64	static
/home/jojo/STM32Cube/Repository/STM32Cube_FW_L4_V1.17.0/Projects/B-L4S5I-IOT01A/Applications/WiFi/Common/Src/es_wifi.c:2431:19:ES_WIFI_SockInfo	48	static
/home/jojo/STM32Cube/Repository/STM32Cube_FW_L4_V1.17.0/Projects/B-L4S5I-IOT01A/Applications/WiFi/Common/Src/es_wifi.c:2462:19:ES_WIFI_PeerInfo	48	static
/home/jojo/STM32Cube/Repository/STM32Cube_FW_L4_V1.17.0/Projects/B-L4S5I-IOT01A/Applications/WiFi/Common/Src/es_wifi.c:2492:19:ES_WIFI_StoreCreds	56	static
/home/jojo/STM32Cube/Repository/STM32Cube_FW_L4_V1.17.0/Projects/B-L4S5I-IOT01A/Applications/WiFi/Common/Src/es_wifi.c:2543:19:ES_WIFI_StoreCA	24	static
/home/jojo/STM32Cube/Repository/STM32Cube_FW_L4_V1.17.0/Projects/B-L4S5I-IOT01A/Applications/WiFi/Common/Src/es_wifi.c:2567:19:ES_WIFI_StoreCertificate	24	static
/home/jojo/STM32Cube/Repository/STM32Cube_FW_L4_V1.17.0/Projects/B-L4S5I-IOT01A/Applications/WiFi/Common/Src/es_wifi.c:2591:19:ES_WIFI_StoreKey	24	static
