/home/jojo/STM32Cube/Repository/STM32Cube_FW_L4_V1.17.0/Projects/B-L4S5I-IOT01A/Applications/WiFi/Common/Src/wifi.c:33:15:WIFI_Init	16	static
/home/jojo/STM32Cube/Repository/STM32Cube_FW_L4_V1.17.0/Projects/B-L4S5I-IOT01A/Applications/WiFi/Common/Src/wifi.c:58:15:WIFI_ListAccessPoints	496	static
/home/jojo/STM32Cube/Repository/STM32Cube_FW_L4_V1.17.0/Projects/B-L4S5I-IOT01A/Applications/WiFi/Common/Src/wifi.c:94:15:WIFI_Connect	8	static
/home/jojo/STM32Cube/Repository/STM32Cube_FW_L4_V1.17.0/Projects/B-L4S5I-IOT01A/Applications/WiFi/Common/Src/wifi.c:115:15:WIFI_GetMAC_Address	8	static
/home/jojo/STM32Cube/Repository/STM32Cube_FW_L4_V1.17.0/Projects/B-L4S5I-IOT01A/Applications/WiFi/Common/Src/wifi.c:130:15:WIFI_GetIP_Address	16	static
/home/jojo/STM32Cube/Repository/STM32Cube_FW_L4_V1.17.0/Projects/B-L4S5I-IOT01A/Applications/WiFi/Common/Src/wifi.c:147:15:WIFI_Disconnect	8	static
/home/jojo/STM32Cube/Repository/STM32Cube_FW_L4_V1.17.0/Projects/B-L4S5I-IOT01A/Applications/WiFi/Common/Src/wifi.c:168:15:WIFI_ConfigureAP	88	static
/home/jojo/STM32Cube/Repository/STM32Cube_FW_L4_V1.17.0/Projects/B-L4S5I-IOT01A/Applications/WiFi/Common/Src/wifi.c:206:15:WIFI_HandleAPEvents	16	static
/home/jojo/STM32Cube/Repository/STM32Cube_FW_L4_V1.17.0/Projects/B-L4S5I-IOT01A/Applications/WiFi/Common/Src/wifi.c:243:15:WIFI_Ping	16	static
/home/jojo/STM32Cube/Repository/STM32Cube_FW_L4_V1.17.0/Projects/B-L4S5I-IOT01A/Applications/WiFi/Common/Src/wifi.c:260:15:WIFI_GetHostAddress	8	static
/home/jojo/STM32Cube/Repository/STM32Cube_FW_L4_V1.17.0/Projects/B-L4S5I-IOT01A/Applications/WiFi/Common/Src/wifi.c:280:15:WIFI_OpenClientConnection	32	static
/home/jojo/STM32Cube/Repository/STM32Cube_FW_L4_V1.17.0/Projects/B-L4S5I-IOT01A/Applications/WiFi/Common/Src/wifi.c:304:15:WIFI_CloseClientConnection	32	static
/home/jojo/STM32Cube/Repository/STM32Cube_FW_L4_V1.17.0/Projects/B-L4S5I-IOT01A/Applications/WiFi/Common/Src/wifi.c:324:15:WIFI_StartServer	32	static
/home/jojo/STM32Cube/Repository/STM32Cube_FW_L4_V1.17.0/Projects/B-L4S5I-IOT01A/Applications/WiFi/Common/Src/wifi.c:344:15:WIFI_WaitServerConnection	40	static
/home/jojo/STM32Cube/Repository/STM32Cube_FW_L4_V1.17.0/Projects/B-L4S5I-IOT01A/Applications/WiFi/Common/Src/wifi.c:380:15:WIFI_CloseServerConnection	8	static
/home/jojo/STM32Cube/Repository/STM32Cube_FW_L4_V1.17.0/Projects/B-L4S5I-IOT01A/Applications/WiFi/Common/Src/wifi.c:395:15:WIFI_StopServer	8	static
/home/jojo/STM32Cube/Repository/STM32Cube_FW_L4_V1.17.0/Projects/B-L4S5I-IOT01A/Applications/WiFi/Common/Src/wifi.c:414:15:WIFI_SendData	16	static
/home/jojo/STM32Cube/Repository/STM32Cube_FW_L4_V1.17.0/Projects/B-L4S5I-IOT01A/Applications/WiFi/Common/Src/wifi.c:436:15:WIFI_SendDataTo	24	static
/home/jojo/STM32Cube/Repository/STM32Cube_FW_L4_V1.17.0/Projects/B-L4S5I-IOT01A/Applications/WiFi/Common/Src/wifi.c:456:15:WIFI_ReceiveData	16	static
/home/jojo/STM32Cube/Repository/STM32Cube_FW_L4_V1.17.0/Projects/B-L4S5I-IOT01A/Applications/WiFi/Common/Src/wifi.c:477:15:WIFI_ReceiveDataFrom	24	static
/home/jojo/STM32Cube/Repository/STM32Cube_FW_L4_V1.17.0/Projects/B-L4S5I-IOT01A/Applications/WiFi/Common/Src/wifi.c:494:15:WIFI_SetOEMProperties	8	static
/home/jojo/STM32Cube/Repository/STM32Cube_FW_L4_V1.17.0/Projects/B-L4S5I-IOT01A/Applications/WiFi/Common/Src/wifi.c:512:15:WIFI_ResetModule	8	static
/home/jojo/STM32Cube/Repository/STM32Cube_FW_L4_V1.17.0/Projects/B-L4S5I-IOT01A/Applications/WiFi/Common/Src/wifi.c:527:15:WIFI_SetModuleDefault	8	static
/home/jojo/STM32Cube/Repository/STM32Cube_FW_L4_V1.17.0/Projects/B-L4S5I-IOT01A/Applications/WiFi/Common/Src/wifi.c:544:15:WIFI_ModuleFirmwareUpdate	0	static
/home/jojo/STM32Cube/Repository/STM32Cube_FW_L4_V1.17.0/Projects/B-L4S5I-IOT01A/Applications/WiFi/Common/Src/wifi.c:554:15:WIFI_GetModuleFwRevision	8	static
/home/jojo/STM32Cube/Repository/STM32Cube_FW_L4_V1.17.0/Projects/B-L4S5I-IOT01A/Applications/WiFi/Common/Src/wifi.c:571:15:WIFI_GetModuleID	8	static
/home/jojo/STM32Cube/Repository/STM32Cube_FW_L4_V1.17.0/Projects/B-L4S5I-IOT01A/Applications/WiFi/Common/Src/wifi.c:588:15:WIFI_GetModuleName	8	static
